Component: ARM Compiler 5.05 update 1 (build 106) Tool: armlink [4d0efa]

==============================================================================

Section Cross References

    main.o(.text) refers to text.o(.text) for Show_Str
    main.o(.text) refers to exfuns.o(.text) for exf_getfree
    main.o(.text) refers to ff.o(.text) for f_open
    main.o(.text) refers to lcd.o(.text) for LCD_ShowString
    main.o(.text) refers to delay.o(.text) for delay_ms
    main.o(.text) refers to usb_hcd.o(.text) for HCD_IsDeviceConnected
    main.o(.text) refers to misc.o(.text) for NVIC_PriorityGroupConfig
    main.o(.text) refers to usart.o(.text) for uart_init
    main.o(.text) refers to led.o(.text) for LED_Init
    main.o(.text) refers to key.o(.text) for KEY_Init
    main.o(.text) refers to w25qxx.o(.text) for W25QXX_Init
    main.o(.text) refers to mma8452q.o(.text) for MMA_Init
    main.o(.text) refers to malloc.o(.text) for my_mem_init
    main.o(.text) refers to piclib.o(.text) for piclib_init
    main.o(.text) refers to stm32f4xx_usart.o(.text) for USART_SendData
    main.o(.text) refers to main.o(.bss) for .bss
    main.o(.text) refers to main.o(.data) for .data
    main.o(.text) refers to lcd.o(.data) for POINT_COLOR
    main.o(.text) refers to usmart_config.o(.data) for usmart_dev
    main.o(.text) refers to exfuns.o(.bss) for fs
    main.o(.text) refers to usart.o(.bss) for USART6_RX_BUF
    main.o(.text) refers to usart.o(.data) for USART6_RX_STA
    main.o(.constdata) refers to arm_common_tables.o(.constdata) for twiddleCoef_16
    main.o(.constdata) refers to arm_common_tables.o(.constdata) for armBitRevIndexTable16
    main.o(.constdata) refers to arm_common_tables.o(.constdata) for twiddleCoef_32
    main.o(.constdata) refers to arm_common_tables.o(.constdata) for armBitRevIndexTable32
    main.o(.constdata) refers to arm_common_tables.o(.constdata) for twiddleCoef_64
    main.o(.constdata) refers to arm_common_tables.o(.constdata) for armBitRevIndexTable64
    main.o(.constdata) refers to arm_common_tables.o(.constdata) for twiddleCoef_128
    main.o(.constdata) refers to arm_common_tables.o(.constdata) for armBitRevIndexTable128
    main.o(.constdata) refers to arm_common_tables.o(.constdata) for twiddleCoef_256
    main.o(.constdata) refers to arm_common_tables.o(.constdata) for armBitRevIndexTable256
    main.o(.constdata) refers to arm_common_tables.o(.constdata) for twiddleCoef_512
    main.o(.constdata) refers to arm_common_tables.o(.constdata) for armBitRevIndexTable512
    main.o(.constdata) refers to arm_common_tables.o(.constdata) for twiddleCoef_1024
    main.o(.constdata) refers to arm_common_tables.o(.constdata) for armBitRevIndexTable1024
    main.o(.constdata) refers to arm_common_tables.o(.constdata) for twiddleCoef_2048
    main.o(.constdata) refers to arm_common_tables.o(.constdata) for armBitRevIndexTable2048
    main.o(.constdata) refers to arm_common_tables.o(.constdata) for twiddleCoef_4096
    main.o(.constdata) refers to arm_common_tables.o(.constdata) for armBitRevIndexTable4096
    system_stm32f4xx.o(.text) refers to system_stm32f4xx.o(.data) for .data
    led.o(.text) refers to stm32f4xx_rcc.o(.text) for RCC_AHB1PeriphClockCmd
    led.o(.text) refers to stm32f4xx_gpio.o(.text) for GPIO_Init
    key.o(.text) refers to stm32f4xx_rcc.o(.text) for RCC_AHB1PeriphClockCmd
    key.o(.text) refers to stm32f4xx_gpio.o(.text) for GPIO_Init
    key.o(.text) refers to delay.o(.text) for delay_ms
    key.o(.text) refers to key.o(.data) for .data
    lcd.o(.text) refers to _printf_percent.o(.ARM.Collect$$_printf_percent$$00000000) for _printf_percent
    lcd.o(.text) refers to _printf_x.o(.ARM.Collect$$_printf_percent$$0000000C) for _printf_x
    lcd.o(.text) refers to _printf_hex_int.o(.text) for _printf_longlong_hex
    lcd.o(.text) refers to delay.o(.text) for delay_us
    lcd.o(.text) refers to lcd.o(.bss) for .bss
    lcd.o(.text) refers to dflt_clz.o(x$fpl$dfltu) for __aeabi_ui2d
    lcd.o(.text) refers to dmul.o(x$fpl$dmul) for __aeabi_dmul
    lcd.o(.text) refers to dfixu.o(x$fpl$dfixu) for __aeabi_d2uiz
    lcd.o(.text) refers to lcd.o(.data) for .data
    lcd.o(.text) refers to stm32f4xx_rcc.o(.text) for RCC_AHB1PeriphClockCmd
    lcd.o(.text) refers to stm32f4xx_gpio.o(.text) for GPIO_Init
    lcd.o(.text) refers to stm32f4xx_fsmc.o(.text) for FSMC_NORSRAMInit
    lcd.o(.text) refers to noretval__2printf.o(.text) for __2printf
    lcd.o(.text) refers to lcd.o(.constdata) for .constdata
    myiic.o(.text) refers to stm32f4xx_rcc.o(.text) for RCC_AHB1PeriphClockCmd
    myiic.o(.text) refers to stm32f4xx_gpio.o(.text) for GPIO_Init
    myiic.o(.text) refers to delay.o(.text) for delay_us
    mpu6050.o(.text) refers to myiic.o(.text) for IIC_Start
    mpu6050.o(.text) refers to delay.o(.text) for delay_ms
    mpu6050.o(.text) refers to dflt_clz.o(x$fpl$dflt) for __aeabi_i2d
[...]
    FSMC_PCCARDStructInit                    0x0800741f   Thumb Code    60  stm32f4xx_fsmc.o(.text)
    FSMC_PCCARDCmd                           0x0800745b   Thumb Code    28  stm32f4xx_fsmc.o(.text)
    FSMC_ITConfig                            0x08007477   Thumb Code    72  stm32f4xx_fsmc.o(.text)
    FSMC_GetFlagStatus                       0x080074bf   Thumb Code    40  stm32f4xx_fsmc.o(.text)
    FSMC_ClearFlag                           0x080074e7   Thumb Code    38  stm32f4xx_fsmc.o(.text)
    FSMC_GetITStatus                         0x0800750d   Thumb Code    48  stm32f4xx_fsmc.o(.text)
    FSMC_ClearITPendingBit                   0x0800753d   Thumb Code    42  stm32f4xx_fsmc.o(.text)
    GPIO_DeInit                              0x08007571   Thumb Code   216  stm32f4xx_gpio.o(.text)
    GPIO_Init                                0x08007649   Thumb Code   120  stm32f4xx_gpio.o(.text)
    GPIO_StructInit                          0x080076c1   Thumb Code    18  stm32f4xx_gpio.o(.text)
    GPIO_PinLockConfig                       0x080076d3   Thumb Code    24  stm32f4xx_gpio.o(.text)
    GPIO_ReadInputDataBit                    0x080076eb   Thumb Code    14  stm32f4xx_gpio.o(.text)
    GPIO_ReadInputData                       0x080076f9   Thumb Code     6  stm32f4xx_gpio.o(.text)
    GPIO_ReadOutputDataBit                   0x080076ff   Thumb Code    14  stm32f4xx_gpio.o(.text)
    GPIO_ReadOutputData                      0x0800770d   Thumb Code     6  stm32f4xx_gpio.o(.text)
    GPIO_SetBits                             0x08007713   Thumb Code     4  stm32f4xx_gpio.o(.text)
    GPIO_ResetBits                           0x08007717   Thumb Code     4  stm32f4xx_gpio.o(.text)
    GPIO_WriteBit                            0x0800771b   Thumb Code    10  stm32f4xx_gpio.o(.text)
    GPIO_Write                               0x08007725   Thumb Code     4  stm32f4xx_gpio.o(.text)
    GPIO_ToggleBits                          0x08007729   Thumb Code     8  stm32f4xx_gpio.o(.text)
    GPIO_PinAFConfig                         0x08007731   Thumb Code    32  stm32f4xx_gpio.o(.text)
    RCC_DeInit                               0x0800777d   Thumb Code    68  stm32f4xx_rcc.o(.text)
    RCC_HSEConfig                            0x080077c1   Thumb Code    12  stm32f4xx_rcc.o(.text)
    RCC_GetFlagStatus                        0x080077cd   Thumb Code    46  stm32f4xx_rcc.o(.text)
    RCC_WaitForHSEStartUp                    0x080077fb   Thumb Code    44  stm32f4xx_rcc.o(.text)
    RCC_AdjustHSICalibrationValue            0x08007827   Thumb Code    16  stm32f4xx_rcc.o(.text)
    RCC_HSICmd                               0x08007837   Thumb Code     6  stm32f4xx_rcc.o(.text)
    RCC_LSEConfig                            0x0800783d   Thumb Code    24  stm32f4xx_rcc.o(.text)
    RCC_LSICmd                               0x08007855   Thumb Code     6  stm32f4xx_rcc.o(.text)
    RCC_PLLConfig                            0x0800785b   Thumb Code    32  stm32f4xx_rcc.o(.text)
    RCC_PLLCmd                               0x0800787b   Thumb Code     6  stm32f4xx_rcc.o(.text)
    RCC_PLLI2SConfig                         0x08007881   Thumb Code    14  stm32f4xx_rcc.o(.text)
    RCC_PLLI2SCmd                            0x0800788f   Thumb Code     6  stm32f4xx_rcc.o(.text)
    RCC_PLLSAIConfig                         0x08007895   Thumb Code    18  stm32f4xx_rcc.o(.text)
    RCC_PLLSAICmd                            0x080078a7   Thumb Code     6  stm32f4xx_rcc.o(.text)
    RCC_ClockSecuritySystemCmd               0x080078ad   Thumb Code     6  stm32f4xx_rcc.o(.text)
    RCC_MCO1Config                           0x080078b3   Thumb Code    18  stm32f4xx_rcc.o(.text)
    RCC_MCO2Config                           0x080078c5   Thumb Code    18  stm32f4xx_rcc.o(.text)
    RCC_SYSCLKConfig                         0x080078d7   Thumb Code    16  stm32f4xx_rcc.o(.text)
    RCC_GetSYSCLKSource                      0x080078e7   Thumb Code    12  stm32f4xx_rcc.o(.text)
    RCC_HCLKConfig                           0x080078f3   Thumb Code    16  stm32f4xx_rcc.o(.text)
    RCC_PCLK1Config                          0x08007903   Thumb Code    16  stm32f4xx_rcc.o(.text)
    RCC_PCLK2Config                          0x08007913   Thumb Code    18  stm32f4xx_rcc.o(.text)
    RCC_GetClocksFreq                        0x08007925   Thumb Code   134  stm32f4xx_rcc.o(.text)
    RCC_RTCCLKConfig                         0x080079ab   Thumb Code    42  stm32f4xx_rcc.o(.text)
    RCC_RTCCLKCmd                            0x080079d5   Thumb Code     8  stm32f4xx_rcc.o(.text)
    RCC_BackupResetCmd                       0x080079dd   Thumb Code     8  stm32f4xx_rcc.o(.text)
    RCC_I2SCLKConfig                         0x080079e5   Thumb Code     8  stm32f4xx_rcc.o(.text)
    RCC_SAIPLLI2SClkDivConfig                0x080079ed   Thumb Code    18  stm32f4xx_rcc.o(.text)
    RCC_SAIPLLSAIClkDivConfig                0x080079ff   Thumb Code    24  stm32f4xx_rcc.o(.text)
    RCC_SAIBlockACLKConfig                   0x08007a17   Thumb Code    16  stm32f4xx_rcc.o(.text)
    RCC_SAIBlockBCLKConfig                   0x08007a27   Thumb Code    16  stm32f4xx_rcc.o(.text)
    RCC_LTDCCLKDivConfig                     0x08007a37   Thumb Code    16  stm32f4xx_rcc.o(.text)
    RCC_TIMCLKPresConfig                     0x08007a47   Thumb Code     8  stm32f4xx_rcc.o(.text)
    RCC_AHB1PeriphClockCmd                   0x08007a4f   Thumb Code    20  stm32f4xx_rcc.o(.text)
    RCC_AHB2PeriphClockCmd                   0x08007a63   Thumb Code    20  stm32f4xx_rcc.o(.text)
    RCC_AHB3PeriphClockCmd                   0x08007a77   Thumb Code    20  stm32f4xx_rcc.o(.text)
    RCC_APB1PeriphClockCmd                   0x08007a8b   Thumb Code    20  stm32f4xx_rcc.o(.text)
    RCC_APB2PeriphClockCmd                   0x08007a9f   Thumb Code    20  stm32f4xx_rcc.o(.text)
    RCC_AHB1PeriphResetCmd                   0x08007ab3   Thumb Code    20  stm32f4xx_rcc.o(.text)
    RCC_AHB2PeriphResetCmd                   0x08007ac7   Thumb Code    20  stm32f4xx_rcc.o(.text)
    RCC_AHB3PeriphResetCmd                   0x08007adb   Thumb Code    20  stm32f4xx_rcc.o(.text)
    RCC_APB1PeriphResetCmd                   0x08007aef   Thumb Code    20  stm32f4xx_rcc.o(.text)
    RCC_APB2PeriphResetCmd                   0x08007b03   Thumb Code    20  stm32f4xx_rcc.o(.text)
    RCC_AHB1PeriphClockLPModeCmd             0x08007b17   Thumb Code    20  stm32f4xx_rcc.o(.text)
    RCC_AHB2PeriphClockLPModeCmd             0x08007b2b   Thumb Code    20  stm32f4xx_rcc.o(.text)
    RCC_AHB3PeriphClockLPModeCmd             0x08007b3f   Thumb Code    20  stm32f4xx_rcc.o(.text)
    RCC_APB1PeriphClockLPModeCmd             0x08007b53   Thumb Code    64  stm32f4xx_rcc.o(.text)
    RCC_APB2PeriphClockLPModeCmd             0x08007b93   Thumb Code    18  stm32f4xx_rcc.o(.text)
    RCC_LSEModeConfig                        0x08007ba5   Thumb Code    24  stm32f4xx_rcc.o(.text)
    RCC_ITConfig                             0x08007bbd   Thumb Code    20  stm32f4xx_rcc.o(.text)
    RCC_ClearFlag                            0x08007bd1   Thumb Code    14  stm32f4xx_rcc.o(.text)
    RCC_GetITStatus                          0x08007bdf   Thumb Code    18  stm32f4xx_rcc.o(.text)
    RCC_ClearITPendingBit                    0x08007bf1   Thumb Code     8  stm32f4xx_rcc.o(.text)
    USART_DeInit                             0x08007bfd   Thumb Code   138  stm32f4xx_usart.o(.text)
    USART_Init                               0x08007c87   Thumb Code   164  stm32f4xx_usart.o(.text)
    USART_StructInit                         0x08007d2b   Thumb Code    22  stm32f4xx_usart.o(.text)
    USART_ClockInit                          0x08007d41   Thumb Code    28  stm32f4xx_usart.o(.text)
    USART_ClockStructInit                    0x08007d5d   Thumb Code    12  stm32f4xx_usart.o(.text)
    USART_Cmd                                0x08007d69   Thumb Code    20  stm32f4xx_usart.o(.text)
    USART_SetPrescaler                       0x08007d7d   Thumb Code    16  stm32f4xx_usart.o(.text)
    USART_OverSampling8Cmd                   0x08007d8d   Thumb Code    20  stm32f4xx_usart.o(.text)
    USART_OneBitMethodCmd                    0x08007da1   Thumb Code    20  stm32f4xx_usart.o(.text)
    USART_SendData                           0x08007db5   Thumb Code     8  stm32f4xx_usart.o(.text)
    USART_ReceiveData                        0x08007dbd   Thumb Code     8  stm32f4xx_usart.o(.text)
    USART_SetAddress                         0x08007dc5   Thumb Code    16  stm32f4xx_usart.o(.text)
    USART_ReceiverWakeUpCmd                  0x08007dd5   Thumb Code    20  stm32f4xx_usart.o(.text)
    USART_WakeUpConfig                       0x08007de9   Thumb Code    16  stm32f4xx_usart.o(.text)
    USART_LINBreakDetectLengthConfig         0x08007df9   Thumb Code    16  stm32f4xx_usart.o(.text)
    USART_LINCmd                             0x08007e09   Thumb Code    20  stm32f4xx_usart.o(.text)
    USART_SendBreak                          0x08007e1d   Thumb Code    10  stm32f4xx_usart.o(.text)
    USART_HalfDuplexCmd                      0x08007e27   Thumb Code    20  stm32f4xx_usart.o(.text)
    USART_SetGuardTime                       0x08007e3b   Thumb Code    16  stm32f4xx_usart.o(.text)
    USART_SmartCardCmd                       0x08007e4b   Thumb Code    20  stm32f4xx_usart.o(.text)
    USART_SmartCardNACKCmd                   0x08007e5f   Thumb Code    20  stm32f4xx_usart.o(.text)
    USART_IrDAConfig                         0x08007e73   Thumb Code    16  stm32f4xx_usart.o(.text)
    USART_IrDACmd                            0x08007e83   Thumb Code    20  stm32f4xx_usart.o(.text)
    USART_DMACmd                             0x08007e97   Thumb Code    16  stm32f4xx_usart.o(.text)
    USART_ITConfig                           0x08007ea7   Thumb Code    48  stm32f4xx_usart.o(.text)
    USART_GetFlagStatus                      0x08007ed7   Thumb Code    14  stm32f4xx_usart.o(.text)
    USART_ClearFlag                          0x08007ee5   Thumb Code     6  stm32f4xx_usart.o(.text)
    USART_GetITStatus                        0x08007eeb   Thumb Code    62  stm32f4xx_usart.o(.text)
    USART_ClearITPendingBit                  0x08007f29   Thumb Code    12  stm32f4xx_usart.o(.text)
    TIM_DeInit                               0x08007f55   Thumb Code   284  stm32f4xx_tim.o(.text)
    TIM_TimeBaseInit                         0x08008071   Thumb Code    96  stm32f4xx_tim.o(.text)
    TIM_TimeBaseStructInit                   0x080080d1   Thumb Code    18  stm32f4xx_tim.o(.text)
    TIM_PrescalerConfig                      0x080080e3   Thumb Code     6  stm32f4xx_tim.o(.text)
    TIM_CounterModeConfig                    0x080080e9   Thumb Code    12  stm32f4xx_tim.o(.text)
    TIM_SetCounter                           0x080080f5   Thumb Code     4  stm32f4xx_tim.o(.text)
    TIM_SetAutoreload                        0x080080f9   Thumb Code     4  stm32f4xx_tim.o(.text)
    TIM_GetCounter                           0x080080fd   Thumb Code     4  stm32f4xx_tim.o(.text)
    TIM_GetPrescaler                         0x08008101   Thumb Code     4  stm32f4xx_tim.o(.text)
    TIM_UpdateDisableConfig                  0x08008105   Thumb Code    20  stm32f4xx_tim.o(.text)
    TIM_UpdateRequestConfig                  0x08008119   Thumb Code    20  stm32f4xx_tim.o(.text)
    TIM_ARRPreloadConfig                     0x0800812d   Thumb Code    20  stm32f4xx_tim.o(.text)
    TIM_SelectOnePulseMode                   0x08008141   Thumb Code    16  stm32f4xx_tim.o(.text)
    TIM_SetClockDivision                     0x08008151   Thumb Code    16  stm32f4xx_tim.o(.text)
    TIM_Cmd                                  0x08008161   Thumb Code    20  stm32f4xx_tim.o(.text)
    TIM_OC1Init                              0x08008175   Thumb Code    88  stm32f4xx_tim.o(.text)
    TIM_OC2Init                              0x080081cd   Thumb Code   120  stm32f4xx_tim.o(.text)
    TIM_OC3Init                              0x08008245   Thumb Code   116  stm32f4xx_tim.o(.text)
    TIM_OC4Init                              0x080082b9   Thumb Code    88  stm32f4xx_tim.o(.text)
    TIM_OCStructInit                         0x08008311   Thumb Code    20  stm32f4xx_tim.o(.text)
    TIM_SelectOCxM                           0x08008325   Thumb Code   130  stm32f4xx_tim.o(.text)
    TIM_SetCompare1                          0x080083a7   Thumb Code     4  stm32f4xx_tim.o(.text)
    TIM_SetCompare2                          0x080083ab   Thumb Code     4  stm32f4xx_tim.o(.text)
    TIM_SetCompare3                          0x080083af   Thumb Code     4  stm32f4xx_tim.o(.text)
    TIM_SetCompare4                          0x080083b3   Thumb Code     4  stm32f4xx_tim.o(.text)
    TIM_ForcedOC1Config                      0x080083b7   Thumb Code    12  stm32f4xx_tim.o(.text)
    TIM_ForcedOC2Config                      0x080083c3   Thumb Code    20  stm32f4xx_tim.o(.text)
    TIM_ForcedOC3Config                      0x080083d7   Thumb Code    12  stm32f4xx_tim.o(.text)
    TIM_ForcedOC4Config                      0x080083e3   Thumb Code    20  stm32f4xx_tim.o(.text)
    TIM_OC1PreloadConfig                     0x080083f7   Thumb Code    12  stm32f4xx_tim.o(.text)
    TIM_OC2PreloadConfig                     0x08008403   Thumb Code    20  stm32f4xx_tim.o(.text)
    TIM_OC3PreloadConfig                     0x08008417   Thumb Code    12  stm32f4xx_tim.o(.text)
    TIM_OC4PreloadConfig                     0x08008423   Thumb Code    20  stm32f4xx_tim.o(.text)
    TIM_OC1FastConfig                        0x08008437   Thumb Code    12  stm32f4xx_tim.o(.text)
    TIM_OC2FastConfig                        0x08008443   Thumb Code    20  stm32f4xx_tim.o(.text)
    TIM_OC3FastConfig                        0x08008457   Thumb Code    12  stm32f4xx_tim.o(.text)
    TIM_OC4FastConfig                        0x08008463   Thumb Code    20  stm32f4xx_tim.o(.text)
    TIM_ClearOC1Ref                          0x08008477   Thumb Code    12  stm32f4xx_tim.o(.text)
    TIM_ClearOC2Ref                          0x08008483   Thumb Code    20  stm32f4xx_tim.o(.text)
    TIM_ClearOC3Ref                          0x08008497   Thumb Code    12  stm32f4xx_tim.o(.text)
    TIM_ClearOC4Ref                          0x080084a3   Thumb Code    20  stm32f4xx_tim.o(.text)
    TIM_OC1PolarityConfig                    0x080084b7   Thumb Code    12  stm32f4xx_tim.o(.text)
    TIM_OC1NPolarityConfig                   0x080084c3   Thumb Code    12  stm32f4xx_tim.o(.text)
    TIM_OC2PolarityConfig                    0x080084cf   Thumb Code    20  stm32f4xx_tim.o(.text)
    TIM_OC2NPolarityConfig                   0x080084e3   Thumb Code    20  stm32f4xx_tim.o(.text)
    TIM_OC3PolarityConfig                    0x080084f7   Thumb Code    20  stm32f4xx_tim.o(.text)
    TIM_OC3NPolarityConfig                   0x0800850b   Thumb Code    20  stm32f4xx_tim.o(.text)
    TIM_OC4PolarityConfig                    0x0800851f   Thumb Code    20  stm32f4xx_tim.o(.text)
    TIM_CCxCmd                               0x08008533   Thumb Code    22  stm32f4xx_tim.o(.text)
    TIM_CCxNCmd                              0x08008549   Thumb Code    22  stm32f4xx_tim.o(.text)
    TIM_SetIC4Prescaler                      0x0800855f   Thumb Code    24  stm32f4xx_tim.o(.text)
    TIM_SetIC3Prescaler                      0x08008577   Thumb Code    16  stm32f4xx_tim.o(.text)
    TIM_SetIC2Prescaler                      0x08008587   Thumb Code    24  stm32f4xx_tim.o(.text)
    TIM_SetIC1Prescaler                      0x080085d5   Thumb Code    16  stm32f4xx_tim.o(.text)
    TIM_ICInit                               0x080085e5   Thumb Code   164  stm32f4xx_tim.o(.text)
    TIM_ICStructInit                         0x08008689   Thumb Code    16  stm32f4xx_tim.o(.text)
    TIM_PWMIConfig                           0x08008699   Thumb Code   104  stm32f4xx_tim.o(.text)
    TIM_GetCapture1                          0x08008701   Thumb Code     4  stm32f4xx_tim.o(.text)
    TIM_GetCapture2                          0x08008705   Thumb Code     4  stm32f4xx_tim.o(.text)
    TIM_GetCapture3                          0x08008709   Thumb Code     4  stm32f4xx_tim.o(.text)
    TIM_GetCapture4                          0x0800870d   Thumb Code     4  stm32f4xx_tim.o(.text)
    TIM_BDTRConfig                           0x08008711   Thumb Code    34  stm32f4xx_tim.o(.text)
    TIM_BDTRStructInit                       0x08008733   Thumb Code    18  stm32f4xx_tim.o(.text)
    TIM_CtrlPWMOutputs                       0x08008745   Thumb Code    22  stm32f4xx_tim.o(.text)
    TIM_SelectCOM                            0x0800875b   Thumb Code    20  stm32f4xx_tim.o(.text)
    TIM_CCPreloadControl                     0x0800876f   Thumb Code    20  stm32f4xx_tim.o(.text)
    TIM_ITConfig                             0x08008783   Thumb Code    16  stm32f4xx_tim.o(.text)
    TIM_GenerateEvent                        0x08008793   Thumb Code     4  stm32f4xx_tim.o(.text)
    TIM_GetFlagStatus                        0x08008797   Thumb Code    14  stm32f4xx_tim.o(.text)
    TIM_ClearFlag                            0x080087a5   Thumb Code     6  stm32f4xx_tim.o(.text)
    TIM_GetITStatus                          0x080087ab   Thumb Code    24  stm32f4xx_tim.o(.text)
    TIM_ClearITPendingBit                    0x080087c3   Thumb Code     6  stm32f4xx_tim.o(.text)
    TIM_DMAConfig                            0x080087c9   Thumb Code     8  stm32f4xx_tim.o(.text)
    TIM_DMACmd                               0x080087d1   Thumb Code    16  stm32f4xx_tim.o(.text)
    TIM_SelectCCDMA                          0x080087e1   Thumb Code    20  stm32f4xx_tim.o(.text)
    TIM_InternalClockConfig                  0x080087f5   Thumb Code    10  stm32f4xx_tim.o(.text)
    TIM_SelectInputTrigger                   0x080087ff   Thumb Code    12  stm32f4xx_tim.o(.text)
    TIM_ITRxExternalClockConfig              0x0800880b   Thumb Code    18  stm32f4xx_tim.o(.text)
    TIM_TIxExternalClockConfig               0x0800881d   Thumb Code    46  stm32f4xx_tim.o(.text)
    TIM_ETRConfig                            0x0800884b   Thumb Code    24  stm32f4xx_tim.o(.text)
    TIM_ETRClockMode1Config                  0x08008863   Thumb Code    18  stm32f4xx_tim.o(.text)
    TIM_ETRClockMode2Config                  0x08008875   Thumb Code    18  stm32f4xx_tim.o(.text)
    TIM_SelectOutputTrigger                  0x08008887   Thumb Code    16  stm32f4xx_tim.o(.text)
    TIM_SelectSlaveMode                      0x08008897   Thumb Code    16  stm32f4xx_tim.o(.text)
    TIM_SelectMasterSlaveMode                0x080088a7   Thumb Code    16  stm32f4xx_tim.o(.text)
    TIM_EncoderInterfaceConfig               0x080088b7   Thumb Code    50  stm32f4xx_tim.o(.text)
    TIM_SelectHallSensor                     0x080088e9   Thumb Code    20  stm32f4xx_tim.o(.text)
    TIM_RemapConfig                          0x080088fd   Thumb Code     6  stm32f4xx_tim.o(.text)
    SPI_I2S_DeInit                           0x08008931   Thumb Code   108  stm32f4xx_spi.o(.text)
    SPI_Init                                 0x0800899d   Thumb Code    56  stm32f4xx_spi.o(.text)
    I2S_Init                                 0x080089d5   Thumb Code   198  stm32f4xx_spi.o(.text)
    SPI_StructInit                           0x08008a9b   Thumb Code    24  stm32f4xx_spi.o(.text)
    I2S_StructInit                           0x08008ab3   Thumb Code    18  stm32f4xx_spi.o(.text)
    SPI_Cmd                                  0x08008ac5   Thumb Code    20  stm32f4xx_spi.o(.text)
    I2S_Cmd                                  0x08008ad9   Thumb Code    20  stm32f4xx_spi.o(.text)
    SPI_DataSizeConfig                       0x08008aed   Thumb Code    16  stm32f4xx_spi.o(.text)
    SPI_BiDirectionalLineConfig              0x08008afd   Thumb Code    22  stm32f4xx_spi.o(.text)
    SPI_NSSInternalSoftwareConfig            0x08008b13   Thumb Code    24  stm32f4xx_spi.o(.text)
    SPI_SSOutputCmd                          0x08008b2b   Thumb Code    20  stm32f4xx_spi.o(.text)
    SPI_TIModeCmd                            0x08008b3f   Thumb Code    20  stm32f4xx_spi.o(.text)
    I2S_FullDuplexConfig                     0x08008b53   Thumb Code    58  stm32f4xx_spi.o(.text)
    SPI_I2S_ReceiveData                      0x08008b8d   Thumb Code     4  stm32f4xx_spi.o(.text)
    SPI_I2S_SendData                         0x08008b91   Thumb Code     4  stm32f4xx_spi.o(.text)
    SPI_CalculateCRC                         0x08008b95   Thumb Code    20  stm32f4xx_spi.o(.text)
    SPI_TransmitCRC                          0x08008ba9   Thumb Code    10  stm32f4xx_spi.o(.text)
    SPI_GetCRC                               0x08008bb3   Thumb Code    12  stm32f4xx_spi.o(.text)
    SPI_GetCRCPolynomial                     0x08008bbf   Thumb Code     4  stm32f4xx_spi.o(.text)
    SPI_I2S_DMACmd                           0x08008bc3   Thumb Code    16  stm32f4xx_spi.o(.text)
    SPI_I2S_ITConfig                         0x08008bd3   Thumb Code    24  stm32f4xx_spi.o(.text)
    SPI_I2S_GetFlagStatus                    0x08008beb   Thumb Code    14  stm32f4xx_spi.o(.text)
    SPI_I2S_ClearFlag                        0x08008bf9   Thumb Code     6  stm32f4xx_spi.o(.text)
    SPI_I2S_GetITStatus                      0x08008bff   Thumb Code    44  stm32f4xx_spi.o(.text)
    SPI_I2S_ClearITPendingBit                0x08008c2b   Thumb Code    14  stm32f4xx_spi.o(.text)
    SDIO_DeInit                              0x08008c5d   Thumb Code    24  stm32f4xx_sdio.o(.text)
    SDIO_Init                                0x08008c75   Thumb Code    40  stm32f4xx_sdio.o(.text)
    SDIO_StructInit                          0x08008c9d   Thumb Code    16  stm32f4xx_sdio.o(.text)
    SDIO_ClockCmd                            0x08008cad   Thumb Code     8  stm32f4xx_sdio.o(.text)
    SDIO_SetPowerState                       0x08008cb5   Thumb Code     8  stm32f4xx_sdio.o(.text)
    SDIO_GetPowerState                       0x08008cbd   Thumb Code    12  stm32f4xx_sdio.o(.text)
    SDIO_SendCommand                         0x08008cc9   Thumb Code    38  stm32f4xx_sdio.o(.text)
    SDIO_CmdStructInit                       0x08008cef   Thumb Code    14  stm32f4xx_sdio.o(.text)
    SDIO_GetCommandResponse                  0x08008cfd   Thumb Code    10  stm32f4xx_sdio.o(.text)
    SDIO_GetResponse                         0x08008d07   Thumb Code    14  stm32f4xx_sdio.o(.text)
    SDIO_DataConfig                          0x08008d15   Thumb Code    44  stm32f4xx_sdio.o(.text)
    SDIO_DataStructInit                      0x08008d41   Thumb Code    20  stm32f4xx_sdio.o(.text)
    SDIO_GetDataCounter                      0x08008d55   Thumb Code     8  stm32f4xx_sdio.o(.text)
    SDIO_ReadData                            0x08008d5d   Thumb Code     8  stm32f4xx_sdio.o(.text)
    SDIO_WriteData                           0x08008d65   Thumb Code     8  stm32f4xx_sdio.o(.text)
    SDIO_GetFIFOCount                        0x08008d6d   Thumb Code     8  stm32f4xx_sdio.o(.text)
    SDIO_StartSDIOReadWait                   0x08008d75   Thumb Code     6  stm32f4xx_sdio.o(.text)
    SDIO_StopSDIOReadWait                    0x08008d7b   Thumb Code     8  stm32f4xx_sdio.o(.text)
    SDIO_SetSDIOReadWaitMode                 0x08008d83   Thumb Code     8  stm32f4xx_sdio.o(.text)
    SDIO_SetSDIOOperation                    0x08008d8b   Thumb Code     8  stm32f4xx_sdio.o(.text)
    SDIO_SendSDIOSuspendCmd                  0x08008d93   Thumb Code     8  stm32f4xx_sdio.o(.text)
    SDIO_CommandCompletionCmd                0x08008d9b   Thumb Code     8  stm32f4xx_sdio.o(.text)
    SDIO_CEATAITCmd                          0x08008da3   Thumb Code    12  stm32f4xx_sdio.o(.text)
    SDIO_SendCEATACmd                        0x08008daf   Thumb Code     8  stm32f4xx_sdio.o(.text)
    SDIO_DMACmd                              0x08008db7   Thumb Code     8  stm32f4xx_sdio.o(.text)
    SDIO_ITConfig                            0x08008dbf   Thumb Code    20  stm32f4xx_sdio.o(.text)
    SDIO_GetFlagStatus                       0x08008dd3   Thumb Code    18  stm32f4xx_sdio.o(.text)
    SDIO_ClearFlag                           0x08008de5   Thumb Code     8  stm32f4xx_sdio.o(.text)
    SDIO_GetITStatus                         0x08008ded   Thumb Code    18  stm32f4xx_sdio.o(.text)
    SDIO_ClearITPendingBit                   0x08008dff   Thumb Code     8  stm32f4xx_sdio.o(.text)
    DMA_DeInit                               0x08008e15   Thumb Code   272  stm32f4xx_dma.o(.text)
    DMA_Init                                 0x08008f25   Thumb Code    80  stm32f4xx_dma.o(.text)
    DMA_StructInit                           0x08008f75   Thumb Code    34  stm32f4xx_dma.o(.text)
    DMA_Cmd                                  0x08008f97   Thumb Code    20  stm32f4xx_dma.o(.text)
    DMA_PeriphIncOffsetSizeConfig            0x08008fab   Thumb Code    20  stm32f4xx_dma.o(.text)
    DMA_FlowControllerConfig                 0x08008fbf   Thumb Code    20  stm32f4xx_dma.o(.text)
    DMA_SetCurrDataCounter                   0x08008fd3   Thumb Code     4  stm32f4xx_dma.o(.text)
    DMA_GetCurrDataCounter                   0x08008fd7   Thumb Code     6  stm32f4xx_dma.o(.text)
    DMA_DoubleBufferModeConfig               0x08008fdd   Thumb Code    22  stm32f4xx_dma.o(.text)
    DMA_DoubleBufferModeCmd                  0x08008ff3   Thumb Code    20  stm32f4xx_dma.o(.text)
    DMA_MemoryTargetConfig                   0x08009007   Thumb Code    10  stm32f4xx_dma.o(.text)
    DMA_GetCurrentMemoryTarget               0x08009011   Thumb Code    14  stm32f4xx_dma.o(.text)
    DMA_GetCmdStatus                         0x0800901f   Thumb Code    14  stm32f4xx_dma.o(.text)
    DMA_GetFIFOStatus                        0x0800902d   Thumb Code     8  stm32f4xx_dma.o(.text)
    DMA_GetFlagStatus                        0x08009035   Thumb Code    42  stm32f4xx_dma.o(.text)
    DMA_ClearFlag                            0x0800905f   Thumb Code    34  stm32f4xx_dma.o(.text)
    DMA_ITConfig                             0x08009081   Thumb Code    44  stm32f4xx_dma.o(.text)
    DMA_GetITStatus                          0x080090ad   Thumb Code    70  stm32f4xx_dma.o(.text)
    DMA_ClearITPendingBit                    0x080090f3   Thumb Code    34  stm32f4xx_dma.o(.text)
    usmart_sys_cmd_exe                       0x08009135   Thumb Code  1442  usmart.o(.text)
    usmart_reset_runtime                     0x080096d7   Thumb Code    40  usmart.o(.text)
    usmart_get_runtime                       0x080096ff   Thumb Code    48  usmart.o(.text)
    TIM4_IRQHandler                          0x0800972f   Thumb Code    50  usmart.o(.text)
    Timer4_Init                              0x08009761   Thumb Code    88  usmart.o(.text)
    usmart_init                              0x080097b9   Thumb Code    36  usmart.o(.text)
    usmart_cmd_rec                           0x080097dd   Thumb Code   144  usmart.o(.text)
    usmart_exe                               0x0800986d   Thumb Code   768  usmart.o(.text)
    usmart_scan                              0x08009b6d   Thumb Code    92  usmart.o(.text)
    read_addr                                0x08009bc9   Thumb Code     4  usmart.o(.text)
    write_addr                               0x08009bcd   Thumb Code     4  usmart.o(.text)
    usmart_strcmp                            0x08009c49   Thumb Code    24  usmart_str.o(.text)
    usmart_strcopy                           0x08009c61   Thumb Code    18  usmart_str.o(.text)
    usmart_strlen                            0x08009c73   Thumb Code    18  usmart_str.o(.text)
    usmart_pow                               0x08009c85   Thumb Code    16  usmart_str.o(.text)
    usmart_str2num                           0x08009c95   Thumb Code   158  usmart_str.o(.text)
    usmart_get_cmdname                       0x08009d33   Thumb Code    46  usmart_str.o(.text)
    usmart_search_nextc                      0x08009d61   Thumb Code    16  usmart_str.o(.text)
    usmart_get_fname                         0x08009d71   Thumb Code   356  usmart_str.o(.text)
    usmart_get_aparm                         0x08009ed5   Thumb Code   156  usmart_str.o(.text)
    usmart_get_parmpos                       0x08009f71   Thumb Code    30  usmart_str.o(.text)
    usmart_get_fparam                        0x08009f8f   Thumb Code   206  usmart_str.o(.text)
    mymemcpy                                 0x0800a069   Thumb Code    16  malloc.o(.text)
    mymemset                                 0x0800a079   Thumb Code    12  malloc.o(.text)
    my_mem_init                              0x0800a085   Thumb Code    52  malloc.o(.text)
    my_mem_perused                           0x0800a0b9   Thumb Code    48  malloc.o(.text)
    my_mem_malloc                            0x0800a0e9   Thumb Code   132  malloc.o(.text)
    my_mem_free                              0x0800a16d   Thumb Code    82  malloc.o(.text)
    myfree                                   0x0800a1bf   Thumb Code    18  malloc.o(.text)
    mymalloc                                 0x0800a1d1   Thumb Code    28  malloc.o(.text)
    myrealloc                                0x0800a1ed   Thumb Code    54  malloc.o(.text)
    disk_initialize                          0x0800a22d   Thumb Code    50  diskio.o(.text)
    disk_status                              0x0800a25f   Thumb Code     4  diskio.o(.text)
    disk_read                                0x0800a263   Thumb Code    96  diskio.o(.text)
    disk_write                               0x0800a2c3   Thumb Code    94  diskio.o(.text)
    disk_ioctl                               0x0800a321   Thumb Code   126  diskio.o(.text)
    get_fattime                              0x0800a39f   Thumb Code     4  diskio.o(.text)
    ff_memalloc                              0x0800a3a3   Thumb Code     8  diskio.o(.text)
    ff_memfree                               0x0800a3ab   Thumb Code     8  diskio.o(.text)
    clust2sect                               0x0800a4ef   Thumb Code    24  ff.o(.text)
    get_fat                                  0x0800a507   Thumb Code   180  ff.o(.text)
    put_fat                                  0x0800a5bb   Thumb Code   248  ff.o(.text)
    dir_sdi                                  0x0800a7d3   Thumb Code   124  ff.o(.text)
    f_mount                                  0x0800b37d   Thumb Code    72  ff.o(.text)
    f_open                                   0x0800b3c5   Thumb Code   344  ff.o(.text)
    f_read                                   0x0800b51d   Thumb Code   328  ff.o(.text)
    f_write                                  0x0800b665   Thumb Code   400  ff.o(.text)
    f_sync                                   0x0800b7f5   Thumb Code   152  ff.o(.text)
    f_close                                  0x0800b88d   Thumb Code    28  ff.o(.text)
    f_lseek                                  0x0800b8a9   Thumb Code   510  ff.o(.text)
    f_opendir                                0x0800baa7   Thumb Code   128  ff.o(.text)
    f_closedir                               0x0800bb27   Thumb Code    18  ff.o(.text)
    f_readdir                                0x0800bb39   Thumb Code   116  ff.o(.text)
    f_stat                                   0x0800bbad   Thumb Code    86  ff.o(.text)
    f_getfree                                0x0800bc03   Thumb Code   192  ff.o(.text)
    f_truncate                               0x0800bcc3   Thumb Code   176  ff.o(.text)
    f_unlink                                 0x0800bd73   Thumb Code   190  ff.o(.text)
    f_mkdir                                  0x0800be31   Thumb Code   384  ff.o(.text)
    f_chmod                                  0x0800bfb1   Thumb Code   106  ff.o(.text)
    f_utime                                  0x0800c01b   Thumb Code   108  ff.o(.text)
    f_rename                                 0x0800c087   Thumb Code   292  ff.o(.text)
    f_getlabel                               0x0800c1ab   Thumb Code   142  ff.o(.text)
    f_setlabel                               0x0800c239   Thumb Code   346  ff.o(.text)
    f_mkfs                                   0x0800c393   Thumb Code  1314  ff.o(.text)
    f_gets                                   0x0800c8b5   Thumb Code    68  ff.o(.text)
    f_putc                                   0x0800c933   Thumb Code    60  ff.o(.text)
    f_puts                                   0x0800c96f   Thumb Code    70  ff.o(.text)
    f_printf                                 0x0800c9b5   Thumb Code   510  ff.o(.text)
    exfuns_init                              0x0800cca9   Thumb Code    92  exfuns.o(.text)
    char_upper                               0x0800cd05   Thumb Code    14  exfuns.o(.text)
    f_typetell                               0x0800cd13   Thumb Code   130  exfuns.o(.text)
    exf_getfree                              0x0800cd95   Thumb Code    46  exfuns.o(.text)
    mf_mount                                 0x0800cdd1   Thumb Code    14  fattester.o(.text)
    mf_open                                  0x0800cddf   Thumb Code    12  fattester.o(.text)
    mf_close                                 0x0800cdeb   Thumb Code    14  fattester.o(.text)
    mf_read                                  0x0800cdf9   Thumb Code   210  fattester.o(.text)
    mf_write                                 0x0800cecb   Thumb Code    64  fattester.o(.text)
    mf_opendir                               0x0800cf0b   Thumb Code     8  fattester.o(.text)
    mf_closedir                              0x0800cf13   Thumb Code     6  fattester.o(.text)
    mf_readdir                               0x0800cf19   Thumb Code   170  fattester.o(.text)
    mf_scan_files                            0x0800cfc3   Thumb Code   100  fattester.o(.text)
    mf_showfree                              0x0800d027   Thumb Code    64  fattester.o(.text)
    mf_lseek                                 0x0800d067   Thumb Code    10  fattester.o(.text)
    mf_tell                                  0x0800d071   Thumb Code     8  fattester.o(.text)
    mf_size                                  0x0800d079   Thumb Code     8  fattester.o(.text)
    mf_mkdir                                 0x0800d081   Thumb Code     4  fattester.o(.text)
    mf_fmkfs                                 0x0800d085   Thumb Code     4  fattester.o(.text)
    mf_unlink                                0x0800d089   Thumb Code     4  fattester.o(.text)
    mf_rename                                0x0800d08d   Thumb Code     4  fattester.o(.text)
    mf_getlabel                              0x0800d091   Thumb Code    56  fattester.o(.text)
    mf_setlabel                              0x0800d0c9   Thumb Code    28  fattester.o(.text)
    mf_gets                                  0x0800d0e5   Thumb Code    36  fattester.o(.text)
    mf_putc                                  0x0800d109   Thumb Code    14  fattester.o(.text)
    mf_puts                                  0x0800d117   Thumb Code    14  fattester.o(.text)
    ff_convert                               0x0800d3d1   Thumb Code    68  cc936.o(.text)
    ff_wtoupper                              0x0800d415   Thumb Code    28  cc936.o(.text)
    USB_OTG_WritePacket                      0x0800d495   Thumb Code    40  usb_core.o(.text)
    USB_OTG_ReadPacket                       0x0800d4bd   Thumb Code    32  usb_core.o(.text)
    USB_OTG_SelectCore                       0x0800d4dd   Thumb Code   188  usb_core.o(.text)
    USB_OTG_CoreInit                         0x0800d599   Thumb Code   128  usb_core.o(.text)
    USB_OTG_EnableGlobalInt                  0x0800d619   Thumb Code    16  usb_core.o(.text)
    USB_OTG_DisableGlobalInt                 0x0800d629   Thumb Code    16  usb_core.o(.text)
    USB_OTG_FlushTxFifo                      0x0800d639   Thumb Code    62  usb_core.o(.text)
    USB_OTG_FlushRxFifo                      0x0800d677   Thumb Code    54  usb_core.o(.text)
    USB_OTG_SetCurrentMode                   0x0800d6ad   Thumb Code    42  usb_core.o(.text)
    USB_OTG_GetMode                          0x0800d6d7   Thumb Code    10  usb_core.o(.text)
    USB_OTG_IsDeviceMode                     0x0800d6e1   Thumb Code    18  usb_core.o(.text)
    USB_OTG_IsHostMode                       0x0800d6f3   Thumb Code    14  usb_core.o(.text)
    USB_OTG_ReadCoreItr                      0x0800d701   Thumb Code    10  usb_core.o(.text)
    USB_OTG_ReadOtgItr                       0x0800d70b   Thumb Code     6  usb_core.o(.text)
    USB_OTG_EnableHostInt                    0x0800d711   Thumb Code    66  usb_core.o(.text)
    USB_OTG_ReadHPRT0                        0x0800d753   Thumb Code    12  usb_core.o(.text)
    USB_OTG_DriveVbus                        0x0800d75f   Thumb Code    60  usb_core.o(.text)
    USB_OTG_ResetPort                        0x0800d79b   Thumb Code    42  usb_core.o(.text)
    USB_OTG_InitFSLSPClkSel                  0x0800d7c5   Thumb Code    12  usb_core.o(.text)
    USB_OTG_CoreInitHost                     0x0800d7d1   Thumb Code   180  usb_core.o(.text)
    USB_OTG_IsEvenFrame                      0x0800d885   Thumb Code    12  usb_core.o(.text)
    USB_OTG_ReadHostAllChannels_intr         0x0800d891   Thumb Code     6  usb_core.o(.text)
    USB_OTG_HC_Init                          0x0800d897   Thumb Code   236  usb_core.o(.text)
    USB_OTG_HC_StartXfer                     0x0800d983   Thumb Code   256  usb_core.o(.text)
    USB_OTG_HC_Halt                          0x0800da83   Thumb Code    60  usb_core.o(.text)
    USB_OTG_HC_DoPing                        0x0800dabf   Thumb Code    42  usb_core.o(.text)
    USB_OTG_StopHost                         0x0800dae9   Thumb Code    64  usb_core.o(.text)
    HCD_Init                                 0x0800db29   Thumb Code    86  usb_hcd.o(.text)
    HCD_GetCurrentSpeed                      0x0800db7f   Thumb Code    12  usb_hcd.o(.text)
    HCD_ResetPort                            0x0800db8b   Thumb Code    10  usb_hcd.o(.text)
    HCD_IsDeviceConnected                    0x0800db95   Thumb Code     6  usb_hcd.o(.text)
    HCD_GetCurrentFrame                      0x0800db9b   Thumb Code     8  usb_hcd.o(.text)
    HCD_GetURB_State                         0x0800dba3   Thumb Code     8  usb_hcd.o(.text)
    HCD_GetXferCnt                           0x0800dbab   Thumb Code    10  usb_hcd.o(.text)
    HCD_GetHCState                           0x0800dbb5   Thumb Code     8  usb_hcd.o(.text)
    HCD_HC_Init                              0x0800dbbd   Thumb Code     4  usb_hcd.o(.text)
    HCD_SubmitRequest                        0x0800dbc1   Thumb Code    20  usb_hcd.o(.text)
    USBH_OTG_ISR_Handler                     0x0800e99b   Thumb Code   168  usb_hcd_int.o(.text)
    USBH_Connected                           0x0800ea49   Thumb Code    10  usbh_core.o(.text)
    USBH_Disconnected                        0x0800ea53   Thumb Code    10  usbh_core.o(.text)
    USBH_SOF                                 0x0800ea5d   Thumb Code     4  usbh_core.o(.text)
    USBH_DeInit                              0x0800ea61   Thumb Code    52  usbh_core.o(.text)
    USBH_Init                                0x0800ea95   Thumb Code    60  usbh_core.o(.text)
    USBH_HandleControl                       0x0800ead1   Thumb Code   464  usbh_core.o(.text)
    USBH_ErrorHandle                         0x0800eca1   Thumb Code    44  usbh_core.o(.text)
    USBH_Process                             0x0800ee63   Thumb Code   386  usbh_core.o(.text)
    USBH_Open_Channel                        0x0800efed   Thumb Code    84  usbh_hcs.o(.text)
    USBH_Modify_Channel                      0x0800f041   Thumb Code    50  usbh_hcs.o(.text)
    USBH_Alloc_Channel                       0x0800f073   Thumb Code    52  usbh_hcs.o(.text)
    USBH_Free_Channel                        0x0800f0a7   Thumb Code    24  usbh_hcs.o(.text)
    USBH_DeAllocate_AllChannel               0x0800f0bf   Thumb Code    24  usbh_hcs.o(.text)
    USBH_CtlReq                              0x0800f0d7   Thumb Code    70  usbh_ioreq.o(.text)
    USBH_CtlSendSetup                        0x0800f11d   Thumb Code    40  usbh_ioreq.o(.text)
    USBH_CtlSendData                         0x0800f145   Thumb Code    54  usbh_ioreq.o(.text)
    USBH_CtlReceiveData                      0x0800f17b   Thumb Code    34  usbh_ioreq.o(.text)
    USBH_BulkSendData                        0x0800f19d   Thumb Code    44  usbh_ioreq.o(.text)
    USBH_BulkReceiveData                     0x0800f1c9   Thumb Code    40  usbh_ioreq.o(.text)
    USBH_InterruptReceiveData                0x0800f1f1   Thumb Code    52  usbh_ioreq.o(.text)
    USBH_InterruptSendData                   0x0800f225   Thumb Code    48  usbh_ioreq.o(.text)
    USBH_IsocReceiveData                     0x0800f255   Thumb Code    34  usbh_ioreq.o(.text)
    USBH_IsocSendData                        0x0800f277   Thumb Code    30  usbh_ioreq.o(.text)
    USBH_GetDescriptor                       0x0800f295   Thumb Code    48  usbh_stdreq.o(.text)
    USBH_Get_DevDesc                         0x0800f2c5   Thumb Code   156  usbh_stdreq.o(.text)
    USBH_GetNextDesc                         0x0800f361   Thumb Code    14  usbh_stdreq.o(.text)
    USBH_Get_CfgDesc                         0x0800f489   Thumb Code    84  usbh_stdreq.o(.text)
    USBH_Get_StringDesc                      0x0800f4dd   Thumb Code    72  usbh_stdreq.o(.text)
    USBH_SetAddress                          0x0800f525   Thumb Code    24  usbh_stdreq.o(.text)
    USBH_SetCfg                              0x0800f53d   Thumb Code    24  usbh_stdreq.o(.text)
    USBH_SetInterface                        0x0800f555   Thumb Code    26  usbh_stdreq.o(.text)
    USBH_ClrFeature                          0x0800f56f   Thumb Code    46  usbh_stdreq.o(.text)
    USBH_MSC_Init                            0x0800f5cd   Thumb Code    40  usbh_msc_bot.o(.text)
    USBH_MSC_BOT_Abort                       0x0800f5f5   Thumb Code    48  usbh_msc_bot.o(.text)
    USBH_MSC_DecodeCSW                       0x0800f625   Thumb Code    78  usbh_msc_bot.o(.text)
    USBH_MSC_HandleBOTXfer                   0x0800f673   Thumb Code   526  usbh_msc_bot.o(.text)
    USBH_MSC_TestUnitReady                   0x0800f89d   Thumb Code   116  usbh_msc_scsi.o(.text)
    USBH_MSC_ReadCapacity10                  0x0800f911   Thumb Code   148  usbh_msc_scsi.o(.text)
    USBH_MSC_ModeSense6                      0x0800f9a5   Thumb Code   142  usbh_msc_scsi.o(.text)
    USBH_MSC_RequestSense                    0x0800fa33   Thumb Code   146  usbh_msc_scsi.o(.text)
    USBH_MSC_Write10                         0x0800fac5   Thumb Code   146  usbh_msc_scsi.o(.text)
    USBH_MSC_Read10                          0x0800fb57   Thumb Code   202  usbh_msc_scsi.o(.text)
    USB_OTG_BSP_Init                         0x0800fc35   Thumb Code   108  usb_bsp.o(.text)
    USB_OTG_BSP_EnableInterrupt              0x0800fca1   Thumb Code    34  usb_bsp.o(.text)
    USB_OTG_BSP_DisableInterrupt             0x0800fcc3   Thumb Code     2  usb_bsp.o(.text)
    USB_OTG_BSP_DriveVBUS                    0x0800fcc5   Thumb Code     2  usb_bsp.o(.text)
    USB_OTG_BSP_ConfigVBUS                   0x0800fcc7   Thumb Code     2  usb_bsp.o(.text)
    USB_OTG_BSP_uDelay                       0x0800fcc9   Thumb Code     4  usb_bsp.o(.text)
    USB_OTG_BSP_mDelay                       0x0800fccd   Thumb Code     6  usb_bsp.o(.text)
    OTG_FS_IRQHandler                        0x0800fcdd   Thumb Code     6  usbh_usr.o(.text)
    USBH_USR_Init                            0x0800fce3   Thumb Code    24  usbh_usr.o(.text)
    USBH_USR_DeviceAttached                  0x0800fcfb   Thumb Code    14  usbh_usr.o(.text)
    USBH_USR_UnrecoveredError                0x0800fd09   Thumb Code     6  usbh_usr.o(.text)
    USBH_USR_DeviceDisconnected              0x0800fd0f   Thumb Code    14  usbh_usr.o(.text)
    USBH_USR_ResetDevice                     0x0800fd1d   Thumb Code     6  usbh_usr.o(.text)
    USBH_USR_DeviceSpeedDetected             0x0800fd23   Thumb Code    28  usbh_usr.o(.text)
    USBH_USR_Device_DescAvailable            0x0800fd3f   Thumb Code    24  usbh_usr.o(.text)
    USBH_USR_DeviceAddressAssigned           0x0800fd57   Thumb Code     6  usbh_usr.o(.text)
    USBH_USR_Configuration_DescAvailable     0x0800fd5d   Thumb Code    22  usbh_usr.o(.text)
    USBH_USR_Manufacturer_String             0x0800fd73   Thumb Code     8  usbh_usr.o(.text)
    USBH_USR_Product_String                  0x0800fd7b   Thumb Code     8  usbh_usr.o(.text)
    USBH_USR_SerialNum_String                0x0800fd83   Thumb Code     8  usbh_usr.o(.text)
    USBH_USR_EnumerationDone                 0x0800fd8b   Thumb Code     6  usbh_usr.o(.text)
    USBH_USR_DeviceNotSupported              0x0800fd91   Thumb Code     6  usbh_usr.o(.text)
    USBH_USR_UserInput                       0x0800fd97   Thumb Code    12  usbh_usr.o(.text)
    USBH_USR_OverCurrentDetected             0x0800fda3   Thumb Code     6  usbh_usr.o(.text)
    USBH_USR_MSC_Application                 0x0800fda9   Thumb Code    38  usbh_usr.o(.text)
    USBH_USR_DeInit                          0x0800fdcf   Thumb Code     8  usbh_usr.o(.text)
    USBH_UDISK_Status                        0x0800fdd7   Thumb Code    12  usbh_usr.o(.text)
    USBH_UDISK_Read                          0x0800fde3   Thumb Code    74  usbh_usr.o(.text)
    USBH_UDISK_Write                         0x0800fe2d   Thumb Code    72  usbh_usr.o(.text)
    Get_HzMat                                0x08010069   Thumb Code   136  text.o(.text)
    Show_Font                                0x080100f1   Thumb Code   156  text.o(.text)
    Show_Str                                 0x0801018d   Thumb Code   172  text.o(.text)
    Show_Str_Mid                             0x08010239   Thumb Code    82  text.o(.text)
    stdbmp_decode                            0x0801029d   Thumb Code   506  bmp.o(.text)
    minibmp_decode                           0x08010497   Thumb Code   720  bmp.o(.text)
    bmp_encode                               0x08010767   Thumb Code   414  bmp.o(.text)
    gif_check_head                           0x08010911   Thumb Code    78  gif.o(.text)
    gif_getrgb565                            0x0801095f   Thumb Code    24  gif.o(.text)
    gif_readcolortbl                         0x08010977   Thumb Code    58  gif.o(.text)
    gif_getinfo                              0x080109b1   Thumb Code    54  gif.o(.text)
    gif_savegctbl                            0x080109e7   Thumb Code    22  gif.o(.text)
    gif_recovergctbl                         0x080109fd   Thumb Code    22  gif.o(.text)
    gif_initlzw                              0x08010a13   Thumb Code   138  gif.o(.text)
    gif_getdatablock                         0x08010a9d   Thumb Code    58  gif.o(.text)
    gif_readextension                        0x08010ad7   Thumb Code   130  gif.o(.text)
    gif_getnextcode                          0x08010b59   Thumb Code   288  gif.o(.text)
    gif_getnextbyte                          0x08010c79   Thumb Code   572  gif.o(.text)
    gif_dispimage                            0x08010eb5   Thumb Code   420  gif.o(.text)
    gif_clear2bkcolor                        0x08011059   Thumb Code   324  gif.o(.text)
    gif_drawimage                            0x0801119d   Thumb Code   284  gif.o(.text)
    gif_quit                                 0x080112b9   Thumb Code     8  gif.o(.text)
    gif_decode                               0x080112c1   Thumb Code   258  gif.o(.text)
    piclib_draw_hline                        0x080113cd   Thumb Code    38  piclib.o(.text)
    piclib_fill_color                        0x080113f3   Thumb Code    24  piclib.o(.text)
    piclib_init                              0x0801140b   Thumb Code    60  piclib.o(.text)
    piclib_alpha_blend                       0x08011447   Thumb Code    32  piclib.o(.text)
    ai_draw_init                             0x08011467   Thumb Code   166  piclib.o(.text)
    is_element_ok                            0x0801150d   Thumb Code    34  piclib.o(.text)
    ai_load_picfile                          0x0801152f   Thumb Code   130  piclib.o(.text)
    pic_memalloc                             0x080115b1   Thumb Code     8  piclib.o(.text)
    pic_memfree                              0x080115b9   Thumb Code     8  piclib.o(.text)
    jd_prepare                               0x08011df9   Thumb Code   712  tjpgd.o(.text)
    jd_decomp                                0x080120c1   Thumb Code   228  tjpgd.o(.text)
    jpeg_mallocall                           0x080121a5   Thumb Code    46  tjpgd.o(.text)
    jpeg_freeall                             0x080121d3   Thumb Code    26  tjpgd.o(.text)
    jpeg_in_func                             0x080121ed   Thumb Code    36  tjpgd.o(.text)
    jpeg_out_func_fill                       0x08012211   Thumb Code    50  tjpgd.o(.text)
    jpeg_out_func_point                      0x08012243   Thumb Code   160  tjpgd.o(.text)
    jpg_decode                               0x080122e3   Thumb Code   182  tjpgd.o(.text)
    __use_no_semihosting                     0x080123c5   Thumb Code     2  use_no_semi_2.o(.text)
    __aeabi_ldivmod                          0x080123c7   Thumb Code     0  llsdiv.o(.text)
    _ll_sdiv                                 0x080123c7   Thumb Code    72  llsdiv.o(.text)
    __2printf                                0x08012411   Thumb Code    20  noretval__2printf.o(.text)
    _printf_pre_padding                      0x08012429   Thumb Code    44  _printf_pad.o(.text)
    _printf_post_padding                     0x08012455   Thumb Code    34  _printf_pad.o(.text)
    _printf_str                              0x08012477   Thumb Code    82  _printf_str.o(.text)
    _printf_int_dec                          0x080124c9   Thumb Code   104  _printf_dec.o(.text)
    _printf_int_hex                          0x08012541   Thumb Code    84  _printf_hex_int.o(.text)
    _printf_longlong_hex                     0x08012541   Thumb Code     0  _printf_hex_int.o(.text)
    __printf                                 0x08012599   Thumb Code   388  __printf_flags_ss_wp.o(.text)
    strcpy                                   0x08012721   Thumb Code    72  strcpy.o(.text)
    strlen                                   0x08012769   Thumb Code    62  strlen.o(.text)
    __aeabi_memcpy                           0x080127a7   Thumb Code     0  rt_memcpy_v6.o(.text)
    __rt_memcpy                              0x080127a7   Thumb Code   138  rt_memcpy_v6.o(.text)
    _memcpy_lastbytes                        0x0801280d   Thumb Code     0  rt_memcpy_v6.o(.text)
    strcmp                                   0x08012831   Thumb Code   128  strcmpv7m.o(.text)
    __use_two_region_memory                  0x080128b1   Thumb Code     2  heapauxi.o(.text)
    __rt_heap_escrow$2region                 0x080128b3   Thumb Code     2  heapauxi.o(.text)
    __rt_heap_expand$2region                 0x080128b5   Thumb Code     2  heapauxi.o(.text)
    __I$use$semihosting                      0x080128b7   Thumb Code     0  use_no_semi.o(.text)
    __use_no_semihosting_swi                 0x080128b7   Thumb Code     2  use_no_semi.o(.text)
    __aeabi_uldivmod                         0x080128b9   Thumb Code     0  lludivv7m.o(.text)
    _ll_udiv                                 0x080128b9   Thumb Code   238  lludivv7m.o(.text)
    _printf_int_common                       0x080129a7   Thumb Code   178  _printf_intcommon.o(.text)
    _printf_cs_common                        0x08012a59   Thumb Code    20  _printf_char.o(.text)
    _printf_char                             0x08012a6d   Thumb Code    16  _printf_char.o(.text)
    _printf_string                           0x08012a7d   Thumb Code     8  _printf_char.o(.text)
    _printf_char_file                        0x08012a85   Thumb Code    32  _printf_char_file.o(.text)
    __aeabi_memcpy4                          0x08012aa9   Thumb Code     0  rt_memcpy_w.o(.text)
    __aeabi_memcpy8                          0x08012aa9   Thumb Code     0  rt_memcpy_w.o(.text)
    __rt_memcpy_w                            0x08012aa9   Thumb Code   100  rt_memcpy_w.o(.text)
    _memcpy_lastbytes_aligned                0x08012af1   Thumb Code     0  rt_memcpy_w.o(.text)
    _printf_char_common                      0x08012b17   Thumb Code    32  _printf_char_common.o(.text)
    ferror                                   0x08012b3d   Thumb Code     8  ferror.o(.text)
    __user_libspace                          0x08012b45   Thumb Code     8  libspace.o(.text)
    __user_perproc_libspace                  0x08012b45   Thumb Code     0  libspace.o(.text)
    __user_perthread_libspace                0x08012b45   Thumb Code     0  libspace.o(.text)
    __user_setup_stackheap                   0x08012b4d   Thumb Code    74  sys_stackheap_outer.o(.text)
    exit                                     0x08012b97   Thumb Code    12  exit.o(.text)
    _is_digit                                0x08012ba3   Thumb Code    14  __printf_wp.o(i._is_digit)
    __aeabi_d2uiz                            0x08012bb1   Thumb Code     0  dfixu.o(x$fpl$dfixu)
    _dfixu                                   0x08012bb1   Thumb Code    90  dfixu.o(x$fpl$dfixu)
    __aeabi_ui2d                             0x08012c0b   Thumb Code     0  dflt_clz.o(x$fpl$dfltu)
    _dfltu                                   0x08012c0b   Thumb Code    38  dflt_clz.o(x$fpl$dfltu)
    __aeabi_dmul                             0x08012c31   Thumb Code     0  dmul.o(x$fpl$dmul)
    _dmul                                    0x08012c31   Thumb Code   332  dmul.o(x$fpl$dmul)
    __fpl_dnaninf                            0x08012d85   Thumb Code   156  dnaninf.o(x$fpl$dnaninf)
    __fpl_dretinf                            0x08012e21   Thumb Code    12  dretinf.o(x$fpl$dretinf)
    _fp_init                                 0x08012e2d   Thumb Code    10  fpinit.o(x$fpl$fpinit)
    __fplib_config_fpu_vfp                   0x08012e35   Thumb Code     0  fpinit.o(x$fpl$fpinit)
    __fplib_config_pureend_doubles           0x08012e35   Thumb Code     0  fpinit.o(x$fpl$fpinit)
    __I$use$fp                               0x08012e36   Number         0  usenofp.o(x$fpl$usenofp)
    asc2_1206                                0x08012e36   Data        1140  lcd.o(.constdata)
    asc2_1608                                0x080132aa   Data        1520  lcd.o(.constdata)
    asc2_2412                                0x0801389a   Data        3420  lcd.o(.constdata)
    FSMC_DefaultTimingStruct                 0x080145f8   Data          28  stm32f4xx_fsmc.o(.constdata)
    memtblsize                               0x08014614   Data          12  malloc.o(.constdata)
    memblksize                               0x08014620   Data          12  malloc.o(.constdata)
    memsize                                  0x0801462c   Data          12  malloc.o(.constdata)
    FILE_TYPE_TBL                            0x08014674   Data         112  exfuns.o(.constdata)
    _aInterlaceOffset                        0x0803f3ac   Data           4  gif.o(.constdata)
    _aInterlaceYPos                          0x0803f3b0   Data           4  gif.o(.constdata)
    _aMaskTbl                                0x0803f3b4   Data          32  gif.o(.constdata)
    Region$$Table$$Base                      0x0803fbf8   Number         0  anon$$obj.o(Region$$Table)
    Region$$Table$$Limit                     0x0803fc18   Number         0  anon$$obj.o(Region$$Table)
    mem3base                                 0x10000000   Data       61440  malloc.o(.ARM.__AT_0x10000000)
    mem3mapbase                              0x1000f000   Data        3840  malloc.o(.ARM.__AT_0x1000F000)
    res1                                     0x20000000   Data           1  main.o(.data)
    BWW                                      0x20000004   Data           4  main.o(.data)
    SystemCoreClock                          0x20000008   Data           4  system_stm32f4xx.o(.data)
    AHBPrescTable                            0x2000000c   Data          16  system_stm32f4xx.o(.data)
    POINT_COLOR                              0x2000001e   Data           2  lcd.o(.data)
    BACK_COLOR                               0x20000020   Data           2  lcd.o(.data)
    dis_data                                 0x20000024   Data           4  mma8452q.o(.data)
    x                                        0x20000028   Data           4  mma8452q.o(.data)
    y                                        0x2000002c   Data           4  mma8452q.o(.data)
    z                                        0x20000030   Data           4  mma8452q.o(.data)
    BUF                                      0x20000034   Data           8  mma8452q.o(.data)
    W25QXX_TYPE                              0x2000003c   Data           2  w25qxx.o(.data)
    TransferError                            0x20000043   Data           1  sdio_sdcard.o(.data)
    TransferEnd                              0x20000044   Data           1  sdio_sdcard.o(.data)
    tempbuff                                 0x2000004c   Data           4  sdio_sdcard.o(.data)
    USART_RX_STA                             0x20000054   Data           2  usart.o(.data)
    USART6_RX_STA                            0x20000056   Data           2  usart.o(.data)
    __stdout                                 0x20000058   Data           4  usart.o(.data)
    sys_cmd_tab                              0x2000006c   Data          28  usmart.o(.data)
    usmart_nametab                           0x20000088   Data         216  usmart_config.o(.data)
    usmart_dev                               0x20000160   Data         244  usmart_config.o(.data)
    mallco_dev                               0x20000254   Data          36  malloc.o(.data)
    FLASH_SECTOR_COUNT                       0x20000278   Data           2  diskio.o(.data)
    file                                     0x2000027c   Data           4  exfuns.o(.data)
    ftemp                                    0x20000280   Data           4  exfuns.o(.data)
    fatbuf                                   0x20000284   Data           4  exfuns.o(.data)
    br                                       0x20000288   Data           4  exfuns.o(.data)
    bw                                       0x2000028c   Data           4  exfuns.o(.data)
    USBH_HCD_INT_cb                          0x20000290   Data          12  usbh_core.o(.data)
    USBH_HCD_INT_fops                        0x2000029c   Data           4  usbh_core.o(.data)
    MSCErrorCount                            0x200002bc   Data           1  usbh_msc_core.o(.data)
    gifdecoding                              0x200002c0   Data           1  gif.o(.data)
    f_jpeg                                   0x200002c4   Data           4  tjpgd.o(.data)
    jpeg_dev                                 0x200002c8   Data           4  tjpgd.o(.data)
    jpg_buffer                               0x200002cc   Data           4  tjpgd.o(.data)
    file1                                    0x200002d0   Data         552  main.o(.bss)
    USB_OTG_Core                             0x200004f8   Data        1452  main.o(.bss)
    USB_Host                                 0x20000aa4   Data         132  main.o(.bss)
    lcddev                                   0x20000b28   Data          14  lcd.o(.bss)
    W25QXX_BUFFER                            0x20000b36   Data        4096  w25qxx.o(.bss)
    SDIO_InitStructure                       0x20001b38   Data          24  sdio_sdcard.o(.bss)
    SDIO_CmdInitStructure                    0x20001b50   Data          20  sdio_sdcard.o(.bss)
    SDIO_DataInitStructure                   0x20001b64   Data          24  sdio_sdcard.o(.bss)
    SDCardInfo                               0x20001ba0   Data          88  sdio_sdcard.o(.bss)
    SDIO_DATA_BUFFER                         0x20001bf8   Data         512  sdio_sdcard.o(.bss)
    USART_RX_BUF                             0x20001df8   Data         200  usart.o(.bss)
    USART6_RX_BUF                            0x20001ec0   Data         200  usart.o(.bss)
    mem1base                                 0x20001fa0   Data       102400  malloc.o(.bss)
    mem1mapbase                              0x2001afa0   Data        6400  malloc.o(.bss)
    fs                                       0x2001c8ac   Data          12  exfuns.o(.bss)
    fileinfo                                 0x2001c8b8   Data          32  exfuns.o(.bss)
    dir                                      0x2001c8d8   Data          36  exfuns.o(.bss)
    USBH_CfgDesc                             0x2001c8fc   Data         512  usbh_stdreq.o(.bss)
    USBH_MSC_CBWData                         0x2001cafc   Data          32  usbh_msc_bot.o(.bss)
    USBH_MSC_CSWData                         0x2001cb1c   Data          16  usbh_msc_bot.o(.bss)
    USBH_MSC_BOTXferParam                    0x2001cb2c   Data          16  usbh_msc_bot.o(.bss)
    MSC_Machine                              0x2001cb3c   Data          74  usbh_msc_core.o(.bss)
    USBH_MSC_Param                           0x2001cb88   Data          16  usbh_msc_scsi.o(.bss)
    USBH_DataInBuffer                        0x2001cb98   Data         512  usbh_msc_scsi.o(.bss)
    ftinfo                                   0x2001cd98   Data          33  fontupd.o(.bss)
    picinfo                                  0x2001cdbc   Data          40  piclib.o(.bss)
    pic_phy                                  0x2001cde4   Data          20  piclib.o(.bss)
    __libspace_start                         0x2001cdf8   Data          96  libspace.o(.bss)
    __temporary_stack_top$libspace           0x2001ce58   Data           0  libspace.o(.bss)
    mem2base                                 0x68000000   Data       983040  malloc.o(.ARM.__AT_0x68000000)
    mem2mapbase                              0x680f0000   Data       61440  malloc.o(.ARM.__AT_0x680F0000)



==============================================================================

Memory Map of the image

  Image Entry point : 0x08000189

  Load Region LR_IROM1 (Base: 0x08000000, Size: 0x0003fee8, Max: 0x00100000, ABSOLUTE, COMPRESSED[0x0003fd40])

    Execution Region ER_IROM1 (Base: 0x08000000, Size: 0x0003fc18, Max: 0x00100000, ABSOLUTE)

    Base Addr    Size         Type   Attr      Idx    E Section Name        Object

    0x08000000   0x00000188   Data   RO          816    RESET               startup_stm32f40_41xxx.o
    0x08000188   0x00000008   Code   RO         1891  * !!!main             c_w.l(__main.o)
    0x08000190   0x00000034   Code   RO         2207    !!!scatter          c_w.l(__scatter.o)
    0x080001c4   0x0000005a   Code   RO         2205    !!dczerorl2         c_w.l(__dczerorl2.o)
    0x0800021e   0x00000002   PAD
    0x08000220   0x0000001c   Code   RO         2209    !!handler_zi        c_w.l(__scatter_zi.o)
    0x0800023c   0x00000000   Code   RO         1874    .ARM.Collect$$_printf_percent$$00000000  c_w.l(_printf_percent.o)
    0x0800023c   0x00000006   Code   RO         1872    .ARM.Collect$$_printf_percent$$00000009  c_w.l(_printf_d.o)
    0x08000242   0x00000006   Code   RO         1873    .ARM.Collect$$_printf_percent$$0000000A  c_w.l(_printf_u.o)
    0x08000248   0x00000006   Code   RO         1871    .ARM.Collect$$_printf_percent$$0000000C  c_w.l(_printf_x.o)
    0x0800024e   0x00000006   Code   RO         1869    .ARM.Collect$$_printf_percent$$00000013  c_w.l(_printf_c.o)
    0x08000254   0x00000006   Code   RO         1870    .ARM.Collect$$_printf_percent$$00000014  c_w.l(_printf_s.o)
    0x0800025a   0x00000004   Code   RO         1958    .ARM.Collect$$_printf_percent$$00000017  c_w.l(_printf_percent_end.o)
    0x0800025e   0x00000002   Code   RO         2077    .ARM.Collect$$libinit$$00000000  c_w.l(libinit.o)
    0x08000260   0x00000004   Code   RO         2086    .ARM.Collect$$libinit$$00000001  c_w.l(libinit2.o)
    0x08000264   0x00000000   Code   RO         2089    .ARM.Collect$$libinit$$00000004  c_w.l(libinit2.o)
    0x08000264   0x00000000   Code   RO         2092    .ARM.Collect$$libinit$$0000000A  c_w.l(libinit2.o)
    0x08000264   0x00000000   Code   RO         2094    .ARM.Collect$$libinit$$0000000C  c_w.l(libinit2.o)
    0x08000264   0x00000000   Code   RO         2096    .ARM.Collect$$libinit$$0000000E  c_w.l(libinit2.o)
    0x08000264   0x00000000   Code   RO         2099    .ARM.Collect$$libinit$$00000011  c_w.l(libinit2.o)
    0x08000264   0x00000000   Code   RO         2101    .ARM.Collect$$libinit$$00000013  c_w.l(libinit2.o)
    0x08000264   0x00000000   Code   RO         2103    .ARM.Collect$$libinit$$00000015  c_w.l(libinit2.o)
    0x08000264   0x00000000   Code   RO         2105    .ARM.Collect$$libinit$$00000017  c_w.l(libinit2.o)
    0x08000264   0x00000000   Code   RO         2107    .ARM.Collect$$libinit$$00000019  c_w.l(libinit2.o)
    0x08000264   0x00000000   Code   RO         2109    .ARM.Collect$$libinit$$0000001B  c_w.l(libinit2.o)
    0x08000264   0x00000000   Code   RO         2111    .ARM.Collect$$libinit$$0000001D  c_w.l(libinit2.o)
    0x08000264   0x00000000   Code   RO         2113    .ARM.Collect$$libinit$$0000001F  c_w.l(libinit2.o)
    0x08000264   0x00000000   Code   RO         2115    .ARM.Collect$$libinit$$00000021  c_w.l(libinit2.o)
    0x08000264   0x00000000   Code   RO         2117    .ARM.Collect$$libinit$$00000023  c_w.l(libinit2.o)
    0x08000264   0x00000000   Code   RO         2119    .ARM.Collect$$libinit$$00000025  c_w.l(libinit2.o)
    0x08000264   0x00000000   Code   RO         2123    .ARM.Collect$$libinit$$0000002C  c_w.l(libinit2.o)
    0x08000264   0x00000000   Code   RO         2125    .ARM.Collect$$libinit$$0000002E  c_w.l(libinit2.o)
    0x08000264   0x00000000   Code   RO         2127    .ARM.Collect$$libinit$$00000030  c_w.l(libinit2.o)
    0x08000264   0x00000000   Code   RO         2129    .ARM.Collect$$libinit$$00000032  c_w.l(libinit2.o)
    0x08000264   0x00000002   Code   RO         2130    .ARM.Collect$$libinit$$00000033  c_w.l(libinit2.o)
    0x08000266   0x00000002   Code   RO         2158    .ARM.Collect$$libshutdown$$00000000  c_w.l(libshutdown.o)
    0x08000268   0x00000000   Code   RO         2173    .ARM.Collect$$libshutdown$$00000003  c_w.l(libshutdown2.o)
    0x08000268   0x00000000   Code   RO         2176    .ARM.Collect$$libshutdown$$00000006  c_w.l(libshutdown2.o)
    0x08000268   0x00000000   Code   RO         2179    .ARM.Collect$$libshutdown$$00000009  c_w.l(libshutdown2.o)
    0x08000268   0x00000000   Code   RO         2181    .ARM.Collect$$libshutdown$$0000000B  c_w.l(libshutdown2.o)
    0x08000268   0x00000000   Code   RO         2184    .ARM.Collect$$libshutdown$$0000000E  c_w.l(libshutdown2.o)
    0x08000268   0x00000002   Code   RO         2185    .ARM.Collect$$libshutdown$$0000000F  c_w.l(libshutdown2.o)
    0x0800026a   0x00000000   Code   RO         1947    .ARM.Collect$$rtentry$$00000000  c_w.l(__rtentry.o)
    0x0800026a   0x00000000   Code   RO         2026    .ARM.Collect$$rtentry$$00000002  c_w.l(__rtentry2.o)
    0x0800026a   0x00000006   Code   RO         2038    .ARM.Collect$$rtentry$$00000004  c_w.l(__rtentry4.o)
    0x08000270   0x00000000   Code   RO         2028    .ARM.Collect$$rtentry$$00000009  c_w.l(__rtentry2.o)
    0x08000270   0x00000004   Code   RO         2029    .ARM.Collect$$rtentry$$0000000A  c_w.l(__rtentry2.o)
    0x08000274   0x00000000   Code   RO         2031    .ARM.Collect$$rtentry$$0000000C  c_w.l(__rtentry2.o)
    0x08000274   0x00000008   Code   RO         2032    .ARM.Collect$$rtentry$$0000000D  c_w.l(__rtentry2.o)
    0x0800027c   0x00000002   Code   RO         2080    .ARM.Collect$$rtexit$$00000000  c_w.l(rtexit.o)
    0x0800027e   0x00000000   Code   RO         2132    .ARM.Collect$$rtexit$$00000002  c_w.l(rtexit2.o)
    0x0800027e   0x00000004   Code   RO         2133    .ARM.Collect$$rtexit$$00000003  c_w.l(rtexit2.o)
    0x08000282   0x00000006   Code   RO         2134    .ARM.Collect$$rtexit$$00000004  c_w.l(rtexit2.o)
    0x08000288   0x00000010   Code   RO          766    .emb_text           sys.o
    0x08000298   0x00000254   Code   RO            3    .text               main.o
    0x080004ec   0x00000012   Code   RO          317    .text               stm32f4xx_it.o
    0x080004fe   0x00000002   PAD
    0x08000500   0x0000017c   Code   RO          366    .text               system_stm32f4xx.o
    0x0800067c   0x00000040   Code   RO          392    .text               led.o
    0x080006bc   0x00000104   Code   RO          412    .text               key.o
    0x080007c0   0x000045bc   Code   RO          433    .text               lcd.o
    0x08004d7c   0x00000224   Code   RO          472    .text               myiic.o
    0x08004fa0   0x000001d8   Code   RO          587    .text               mma8452q.o
    0x08005178   0x0000010c   Code   RO          640    .text               spi.o
    0x08005284   0x00000350   Code   RO          660    .text               w25qxx.o
    0x080055d4   0x0000178c   Code   RO          709    .text               sdio_sdcard.o
    0x08006d60   0x000000b8   Code   RO          744    .text               delay.o
    0x08006e18   0x00000220   Code   RO          784    .text               usart.o
    0x08007038   0x00000040   Code   RO          817    .text               startup_stm32f40_41xxx.o
    0x08007078   0x000000b0   Code   RO          823    .text               misc.o
    0x08007128   0x00000448   Code   RO          843    .text               stm32f4xx_fsmc.o
    0x08007570   0x0000020c   Code   RO          866    .text               stm32f4xx_gpio.o
    0x0800777c   0x00000480   Code   RO          886    .text               stm32f4xx_rcc.o
    0x08007bfc   0x00000358   Code   RO          928    .text               stm32f4xx_usart.o
    0x08007f54   0x000009dc   Code   RO          948    .text               stm32f4xx_tim.o
    0x08008930   0x0000032c   Code   RO          969    .text               stm32f4xx_spi.o
    0x08008c5c   0x000001b8   Code   RO          989    .text               stm32f4xx_sdio.o
    0x08008e14   0x00000320   Code   RO         1009    .text               stm32f4xx_dma.o
    0x08009134   0x00000b14   Code   RO         1029    .text               usmart.o
    0x08009c48   0x00000420   Code   RO         1079    .text               usmart_str.o
    0x0800a068   0x000001c4   Code   RO         1100    .text               malloc.o
    0x0800a22c   0x00000194   Code   RO         1134    .text               diskio.o
    0x0800a3c0   0x000028e8   Code   RO         1175    .text               ff.o
    0x0800cca8   0x00000128   Code   RO         1197    .text               exfuns.o
    0x0800cdd0   0x00000600   Code   RO         1231    .text               fattester.o
    0x0800d3d0   0x00000070   Code   RO         1253    .text               cc936.o
    0x0800d440   0x000006e8   Code   RO         1278    .text               usb_core.o
    0x0800db28   0x000000ac   Code   RO         1299    .text               usb_hcd.o
    0x0800dbd4   0x00000e74   Code   RO         1319    .text               usb_hcd_int.o
    0x0800ea48   0x000005a4   Code   RO         1339    .text               usbh_core.o
    0x0800efec   0x000000ea   Code   RO         1368    .text               usbh_hcs.o
    0x0800f0d6   0x000001be   Code   RO         1388    .text               usbh_ioreq.o
    0x0800f294   0x00000338   Code   RO         1408    .text               usbh_stdreq.o
    0x0800f5cc   0x000002d0   Code   RO         1436    .text               usbh_msc_bot.o
    0x0800f89c   0x00000398   Code   RO         1492    .text               usbh_msc_scsi.o
    0x0800fc34   0x000000a8   Code   RO         1520    .text               usb_bsp.o
    0x0800fcdc   0x0000038c   Code   RO         1540    .text               usbh_usr.o
    0x08010068   0x00000234   Code   RO         1601    .text               text.o
    0x0801029c   0x00000674   Code   RO         1621    .text               bmp.o
    0x08010910   0x00000abc   Code   RO         1641    .text               gif.o
    0x080113cc   0x00000210   Code   RO         1669    .text               piclib.o
    0x080115dc   0x00000de8   Code   RO         1695    .text               tjpgd.o
    0x080123c4   0x00000002   Code   RO         1812    .text               c_w.l(use_no_semi_2.o)
    0x080123c6   0x00000048   Code   RO         1814    .text               c_w.l(llsdiv.o)
    0x0801240e   0x00000002   PAD
    0x08012410   0x00000018   Code   RO         1818    .text               c_w.l(noretval__2printf.o)
    0x08012428   0x0000004e   Code   RO         1822    .text               c_w.l(_printf_pad.o)
    0x08012476   0x00000052   Code   RO         1824    .text               c_w.l(_printf_str.o)
    0x080124c8   0x00000078   Code   RO         1826    .text               c_w.l(_printf_dec.o)
    0x08012540   0x00000058   Code   RO         1831    .text               c_w.l(_printf_hex_int.o)
    0x08012598   0x00000188   Code   RO         1866    .text               c_w.l(__printf_flags_ss_wp.o)
    0x08012720   0x00000048   Code   RO         1877    .text               c_w.l(strcpy.o)
    0x08012768   0x0000003e   Code   RO         1879    .text               c_w.l(strlen.o)
    0x080127a6   0x0000008a   Code   RO         1883    .text               c_w.l(rt_memcpy_v6.o)
    0x08012830   0x00000080   Code   RO         1887    .text               c_w.l(strcmpv7m.o)
    0x080128b0   0x00000006   Code   RO         1889    .text               c_w.l(heapauxi.o)
    0x080128b6   0x00000002   Code   RO         1945    .text               c_w.l(use_no_semi.o)
    0x080128b8   0x000000ee   Code   RO         1948    .text               c_w.l(lludivv7m.o)
    0x080129a6   0x000000b2   Code   RO         1952    .text               c_w.l(_printf_intcommon.o)
    0x08012a58   0x0000002c   Code   RO         1954    .text               c_w.l(_printf_char.o)
    0x08012a84   0x00000024   Code   RO         1956    .text               c_w.l(_printf_char_file.o)
    0x08012aa8   0x00000064   Code   RO         1959    .text               c_w.l(rt_memcpy_w.o)
    0x08012b0c   0x00000030   Code   RO         2049    .text               c_w.l(_printf_char_common.o)
    0x08012b3c   0x00000008   Code   RO         2051    .text               c_w.l(ferror.o)
    0x08012b44   0x00000008   Code   RO         2061    .text               c_w.l(libspace.o)
    0x08012b4c   0x0000004a   Code   RO         2064    .text               c_w.l(sys_stackheap_outer.o)
    0x08012b96   0x0000000c   Code   RO         2070    .text               c_w.l(exit.o)
    0x08012ba2   0x0000000e   Code   RO         1859    i._is_digit         c_w.l(__printf_wp.o)
    0x08012bb0   0x0000005a   Code   RO         1905    x$fpl$dfixu         fz_wm.l(dfixu.o)
    0x08012c0a   0x00000026   Code   RO         1909    x$fpl$dfltu         fz_wm.l(dflt_clz.o)
    0x08012c30   0x00000154   Code   RO         1915    x$fpl$dmul          fz_wm.l(dmul.o)
    0x08012d84   0x0000009c   Code   RO         1965    x$fpl$dnaninf       fz_wm.l(dnaninf.o)
    0x08012e20   0x0000000c   Code   RO         1967    x$fpl$dretinf       fz_wm.l(dretinf.o)
    0x08012e2c   0x0000000a   Code   RO         2146    x$fpl$fpinit        fz_wm.l(fpinit.o)
    0x08012e36   0x00000000   Code   RO         1973    x$fpl$usenofp       fz_wm.l(usenofp.o)
    0x08012e36   0x000017c0   Data   RO          435    .constdata          lcd.o
    0x080145f6   0x00000002   PAD
    0x080145f8   0x0000001c   Data   RO          844    .constdata          stm32f4xx_fsmc.o
    0x08014614   0x00000024   Data   RO         1107    .constdata          malloc.o
    0x08014638   0x0000003a   Data   RO         1177    .constdata          ff.o
    0x08014672   0x00000002   PAD
    0x08014674   0x00000070   Data   RO         1201    .constdata          exfuns.o
    0x080146e4   0x0002acc8   Data   RO         1254    .constdata          cc936.o
    0x0803f3ac   0x00000028   Data   RO         1642    .constdata          gif.o
    0x0803f3d4   0x000004c0   Data   RO         1696    .constdata          tjpgd.o
    0x0803f894   0x00000028   Data   RO         1832    .constdata          c_w.l(_printf_hex_int.o)
    0x0803f8bc   0x00000011   Data   RO         1867    .constdata          c_w.l(__printf_flags_ss_wp.o)
    0x0803f8cd   0x00000003   PAD
    0x0803f8d0   0x00000028   Data   RO         1030    .conststring        usmart.o
    0x0803f8f8   0x000002b9   Data   RO         1054    .conststring        usmart_config.o
    0x0803fbb1   0x00000003   PAD
    0x0803fbb4   0x00000044   Data   RO         1202    .conststring        exfuns.o
    0x0803fbf8   0x00000020   Data   RO         2203    Region$$Table       anon$$obj.o


    Execution Region RW_IRAM1 (Base: 0x20000000, Size: 0x0001d458, Max: 0x00020000, ABSOLUTE, COMPRESSED[0x00000128])

    Base Addr    Size         Type   Attr      Idx    E Section Name        Object

    0x20000000   0x00000008   Data   RW           16    .data               main.o
    0x20000008   0x00000014   Data   RW          367    .data               system_stm32f4xx.o
    0x2000001c   0x00000001   Data   RW          413    .data               key.o
    0x2000001d   0x00000001   PAD
    0x2000001e   0x00000004   Data   RW          436    .data               lcd.o
    0x20000022   0x00000002   PAD
    0x20000024   0x00000018   Data   RW          588    .data               mma8452q.o
    0x2000003c   0x00000002   Data   RW          662    .data               w25qxx.o
    0x2000003e   0x00000002   PAD
    0x20000040   0x00000010   Data   RW          711    .data               sdio_sdcard.o
    0x20000050   0x00000004   Data   RW          745    .data               delay.o
    0x20000054   0x00000004   Data   RW          786    .data               usart.o
    0x20000058   0x00000004   Data   RW          787    .data               usart.o
    0x2000005c   0x00000010   Data   RW          887    .data               stm32f4xx_rcc.o
    0x2000006c   0x0000001c   Data   RW         1031    .data               usmart.o
    0x20000088   0x000000d8   Data   RW         1055    .data               usmart_config.o
    0x20000160   0x000000f4   Data   RW         1056    .data               usmart_config.o
    0x20000254   0x00000024   Data   RW         1108    .data               malloc.o
    0x20000278   0x00000002   Data   RW         1135    .data               diskio.o
    0x2000027a   0x00000002   Data   RW         1178    .data               ff.o
    0x2000027c   0x0000000c   Data   RW         1203    .data               exfuns.o
    0x20000288   0x00000004   Data   RW         1204    .data               exfuns.o
    0x2000028c   0x00000004   Data   RW         1205    .data               exfuns.o
    0x20000290   0x0000000c   Data   RW         1340    .data               usbh_core.o
    0x2000029c   0x00000004   Data   RW         1341    .data               usbh_core.o
    0x200002a0   0x00000002   Data   RW         1342    .data               usbh_core.o
    0x200002a2   0x00000004   Data   RW         1410    .data               usbh_stdreq.o
    0x200002a6   0x00000002   PAD
    0x200002a8   0x00000014   Data   RW         1438    .data               usbh_msc_bot.o
    0x200002bc   0x00000002   Data   RW         1465    .data               usbh_msc_core.o
    0x200002be   0x00000001   Data   RW         1495    .data               usbh_msc_scsi.o
    0x200002bf   0x00000001   Data   RW         1542    .data               usbh_usr.o
    0x200002c0   0x00000001   Data   RW         1643    .data               gif.o
    0x200002c1   0x00000003   PAD
    0x200002c4   0x0000000c   Data   RW         1697    .data               tjpgd.o
    0x200002d0   0x000007d4   Zero   RW            4    .bss                main.o
    0x20000aa4   0x00000084   Zero   RW            6    .bss                main.o
    0x20000b28   0x0000000e   Zero   RW          434    .bss                lcd.o
    0x20000b36   0x00001000   Zero   RW          661    .bss                w25qxx.o
    0x20001b36   0x00000002   PAD
    0x20001b38   0x000002c0   Zero   RW          710    .bss                sdio_sdcard.o
    0x20001df8   0x00000190   Zero   RW          785    .bss                usart.o
    0x20001f88   0x00000018   PAD
    0x20001fa0   0x00019000   Zero   RW         1105    .bss                malloc.o
    0x2001afa0   0x00001900   Zero   RW         1106    .bss                malloc.o
    0x2001c8a0   0x0000000c   Zero   RW         1176    .bss                ff.o
    0x2001c8ac   0x0000000c   Zero   RW         1198    .bss                exfuns.o
    0x2001c8b8   0x00000020   Zero   RW         1199    .bss                exfuns.o
    0x2001c8d8   0x00000024   Zero   RW         1200    .bss                exfuns.o
    0x2001c8fc   0x00000200   Zero   RW         1409    .bss                usbh_stdreq.o
    0x2001cafc   0x00000040   Zero   RW         1437    .bss                usbh_msc_bot.o
    0x2001cb3c   0x0000004a   Zero   RW         1464    .bss                usbh_msc_core.o
    0x2001cb86   0x00000002   PAD
    0x2001cb88   0x00000210   Zero   RW         1493    .bss                usbh_msc_scsi.o
    0x2001cd98   0x00000021   Zero   RW         1570    .bss                fontupd.o
    0x2001cdb9   0x00000003   PAD
    0x2001cdbc   0x0000003c   Zero   RW         1670    .bss                piclib.o
    0x2001cdf8   0x00000060   Zero   RW         2062    .bss                c_w.l(libspace.o)
    0x2001ce58   0x00000200   Zero   RW          815    HEAP                startup_stm32f40_41xxx.o
    0x2001d058   0x00000400   Zero   RW          814    STACK               startup_stm32f40_41xxx.o



  Load Region LR$$.ARM.__AT_0x10000000 (Base: 0x10000000, Size: 0x00000000, Max: 0x0000f000, ABSOLUTE)

    Execution Region ER$$.ARM.__AT_0x10000000 (Base: 0x10000000, Size: 0x0000f000, Max: 0x0000f000, ABSOLUTE, UNINIT)

    Base Addr    Size         Type   Attr      Idx    E Section Name        Object

    0x10000000   0x0000f000   Zero   RW         1101    .ARM.__AT_0x10000000  malloc.o



  Load Region LR$$.ARM.__AT_0x1000F000 (Base: 0x1000f000, Size: 0x00000000, Max: 0x00000f00, ABSOLUTE)

    Execution Region ER$$.ARM.__AT_0x1000F000 (Base: 0x1000f000, Size: 0x00000f00, Max: 0x00000f00, ABSOLUTE, UNINIT)

    Base Addr    Size         Type   Attr      Idx    E Section Name        Object

    0x1000f000   0x00000f00   Zero   RW         1102    .ARM.__AT_0x1000F000  malloc.o



  Load Region LR$$.ARM.__AT_0x68000000 (Base: 0x68000000, Size: 0x00000000, Max: 0x000f0000, ABSOLUTE)

    Execution Region ER$$.ARM.__AT_0x68000000 (Base: 0x68000000, Size: 0x000f0000, Max: 0x000f0000, ABSOLUTE, UNINIT)

    Base Addr    Size         Type   Attr      Idx    E Section Name        Object

    0x68000000   0x000f0000   Zero   RW         1103    .ARM.__AT_0x68000000  malloc.o



  Load Region LR$$.ARM.__AT_0x680F0000 (Base: 0x680f0000, Size: 0x00000000, Max: 0x0000f000, ABSOLUTE)

    Execution Region ER$$.ARM.__AT_0x680F0000 (Base: 0x680f0000, Size: 0x0000f000, Max: 0x0000f000, ABSOLUTE, UNINIT)

    Base Addr    Size         Type   Attr      Idx    E Section Name        Object

    0x680f0000   0x0000f000   Zero   RW         1104    .ARM.__AT_0x680F0000  malloc.o


==============================================================================

Image component sizes


      Code (inc. data)   RO Data    RW Data    ZI Data      Debug   Object Name

      1652         20          0          0          0       3834   bmp.o
       112         16     175304          0          0       1953   cc936.o
       184          4          0          4          0       1341   delay.o
       404         14          0          2          0      14030   diskio.o
       296         14        180         20         80       2562   exfuns.o
      1536        684          0          0          0       4884   fattester.o
     10472        136         58          2         12      27572   ff.o
         0          0          0          0         33       1461   fontupd.o
      2748         18         40          1          0       8592   gif.o
       260         12          0          1          0        924   key.o
     17852        114       6080          4         14      21068   lcd.o
        64          6          0          0          0        547   led.o
       596        180          0          8       2136     366307   main.o
       452         10         36         36    1218560       4279   malloc.o
       176         12          0          0          0       1773   misc.o
       472          4          0         24          0       3124   mma8452q.o
       548          8          0          0          0       1920   myiic.o
       528         28          0          0         60       4151   piclib.o
      6028        120          0         16        704      23519   sdio_sdcard.o
       268         10          0          0          0       1025   spi.o
        64         26        392          0       1536        844   startup_stm32f40_41xxx.o
       800         32          0          0          0       6009   stm32f4xx_dma.o
      1096         10         28          0          0       5326   stm32f4xx_fsmc.o
       524         44          0          0          0       3749   stm32f4xx_gpio.o
        18          0          0          0          0       1218   stm32f4xx_it.o
      1152         48          0         16          0      11544   stm32f4xx_rcc.o
       440         14          0          0          0       6964   stm32f4xx_sdio.o
       812         36          0          0          0       6017   stm32f4xx_spi.o
      2524         52          0          0          0      18254   stm32f4xx_tim.o
       856         32          0          0          0       6740   stm32f4xx_usart.o
        16          0          0          0          0        496   sys.o
       380         36          0         20          0       1831   system_stm32f4xx.o
       564         18          0          0          0       2384   text.o
      3560         50       1216         12          0      13281   tjpgd.o
       544         26          0          8        400       3947   usart.o
       168         10          0          0          0       2143   usb_bsp.o
      1768         12          0          0          0       8824   usb_core.o
       172          0          0          0          0       2632   usb_hcd.o
      3700         10          0          0          0       6699   usb_hcd_int.o
      1444         42          0         18          0       5989   usbh_core.o
       234          0          0          0          0       2312   usbh_hcs.o
       446          0          0          0          0       3620   usbh_ioreq.o
       720         38          0         20         64       5359   usbh_msc_bot.o
         0          0          0          2         74       3645   usbh_msc_core.o
       920         20          0          1        528       4830   usbh_msc_scsi.o
       824         10          0          4        512       4683   usbh_stdreq.o
       908        500          0          1          0       4649   usbh_usr.o
      2836       1292         40         28          0       4356   usmart.o
         0          0        697        460          0       1628   usmart_config.o
      1056         12          0          0          0       4719   usmart_str.o
       848         20          0          2       4096       4227   w25qxx.o

    ----------------------------------------------------------------------
     74044       3800     184110        720    1228840     653785   Object Totals
         0          0         32          0          0          0   (incl. Generated)
         2          0          7         10         31          0   (incl. Padding)

    ----------------------------------------------------------------------

      Code (inc. data)   RO Data    RW Data    ZI Data      Debug   Library Member Name

        90          0          0          0          0          0   __dczerorl2.o
         8          0          0          0          0         68   __main.o
       392          4         17          0          0         92   __printf_flags_ss_wp.o
        14          0          0          0          0         68   __printf_wp.o
         0          0          0          0          0          0   __rtentry.o
        12          0          0          0          0          0   __rtentry2.o
         6          0          0          0          0          0   __rtentry4.o
        52          8          0          0          0          0   __scatter.o
        28          0          0          0          0          0   __scatter_zi.o
         6          0          0          0          0          0   _printf_c.o
        44          0          0          0          0        108   _printf_char.o
        48          6          0          0          0         96   _printf_char_common.o
        36          4          0          0          0         80   _printf_char_file.o
         6          0          0          0          0          0   _printf_d.o
       120         16          0          0          0         92   _printf_dec.o
        88          4         40          0          0         88   _printf_hex_int.o
       178          0          0          0          0         88   _printf_intcommon.o
        78          0          0          0          0        108   _printf_pad.o
         0          0          0          0          0          0   _printf_percent.o
         4          0          0          0          0          0   _printf_percent_end.o
         6          0          0          0          0          0   _printf_s.o
        82          0          0          0          0         80   _printf_str.o
         6          0          0          0          0          0   _printf_u.o
         6          0          0          0          0          0   _printf_x.o
        12          0          0          0          0         72   exit.o
         8          0          0          0          0         68   ferror.o
         6          0          0          0          0        152   heapauxi.o
         2          0          0          0          0          0   libinit.o
         6          0          0          0          0          0   libinit2.o
         2          0          0          0          0          0   libshutdown.o
         2          0          0          0          0          0   libshutdown2.o
         8          4          0          0         96         68   libspace.o
        72          0          0          0          0         76   llsdiv.o
       238          0          0          0          0        100   lludivv7m.o
        24          4          0          0          0         84   noretval__2printf.o
       138          0          0          0          0         68   rt_memcpy_v6.o
       100          0          0          0          0         80   rt_memcpy_w.o
         2          0          0          0          0          0   rtexit.o
        10          0          0          0          0          0   rtexit2.o
       128          0          0          0          0         68   strcmpv7m.o
        72          0          0          0          0         80   strcpy.o
        62          0          0          0          0         76   strlen.o
        74          0          0          0          0         80   sys_stackheap_outer.o
         2          0          0          0          0         68   use_no_semi.o
         2          0          0          0          0         68   use_no_semi_2.o
        90          4          0          0          0        140   dfixu.o
        38          0          0          0          0        116   dflt_clz.o
       340         12          0          0          0        152   dmul.o
       156          4          0          0          0        140   dnaninf.o
        12          0          0          0          0        116   dretinf.o
        10          0          0          0          0        116   fpinit.o
         0          0          0          0          0          0   usenofp.o

    ----------------------------------------------------------------------
      2930         70         60          0         96       2956   Library Totals
         4          0          3          0          0          0   (incl. Padding)

    ----------------------------------------------------------------------

      Code (inc. data)   RO Data    RW Data    ZI Data      Debug   Library Name

      2280         50         57          0         96       2176   c_w.l
       646         20          0          0          0        780   fz_wm.l

    ----------------------------------------------------------------------
      2930         70         60          0         96       2956   Library Totals

    ----------------------------------------------------------------------

==============================================================================


      Code (inc. data)   RO Data    RW Data    ZI Data      Debug   

     76974       3870     184170        720    1228936     643497   Grand Totals
     76974       3870     184170        296    1228936     643497   ELF Image Totals (compressed)
     76974       3870     184170        296          0          0   ROM Totals

==============================================================================

    Total RO  Size (Code + RO Data)               261144 ( 255.02kB)
    Total RW  Size (RW Data + ZI Data)           1229656 (1200.84kB)
    Total ROM Size (Code + RO Data + RW Data)     261440 ( 255.31kB)

==============================================================================

